[2026-09-04T18:38:21.572+0000] {manager.py:483} INFO - Processing files using up to 2 processes at a time 
[2026-09-04T18:38:21.574+0000] {manager.py:484} INFO - Process each file at most once every 30 seconds
[2026-09-04T18:38:21.575+0000] {manager.py:485} INFO - Checking for new files in /opt/airflow/dags every 300 seconds
[2026-09-04T18:38:21.575+0000] {manager.py:821} INFO - Searching for files in /opt/airflow/dags
[2026-09-04T18:38:21.581+0000] {manager.py:824} INFO - There are 1 files in /opt/airflow/dags
[2026-09-04T18:38:21.652+0000] {manager.py:997} INFO - 
================================================================================
DAG File Processing Stats

File Path                                          PID  Runtime      # DAGs    # Errors  Last Runtime    Last Run      Last # of DB Queries
-----------------------------------------------  -----  ---------  --------  ----------  --------------  ----------  ----------------------
/opt/airflow/dags/healthcare_claims_pipeline.py    171  0.02s             0           0                                                   0
================================================================================
[2026-09-04T18:38:51.884+0000] {manager.py:997} INFO - 
================================================================================
DAG File Processing Stats

File Path                                          PID  Runtime      # DAGs    # Errors  Last Runtime    Last Run               Last # of DB Queries
-----------------------------------------------  -----  ---------  --------  ----------  --------------  -------------------  ----------------------
/opt/airflow/dags/healthcare_claims_pipeline.py    176  0.00s             1           0  0.06s           2026-09-04T18:38:21                      10
================================================================================
[2026-09-04T18:39:22.120+0000] {manager.py:997} INFO - 
================================================================================
DAG File Processing Stats

File Path                                          PID  Runtime      # DAGs    # Errors  Last Runtime    Last Run               Last # of DB Queries
-----------------------------------------------  -----  ---------  --------  ----------  --------------  -------------------  ----------------------
/opt/airflow/dags/healthcare_claims_pipeline.py    214  0.00s             1           0  0.05s           2026-09-04T18:38:51                      10
================================================================================
[2026-09-04T18:39:52.385+0000] {manager.py:997} INFO - 
================================================================================
DAG File Processing Stats

File Path                                          PID  Runtime      # DAGs    # Errors  Last Runtime    Last Run               Last # of DB Queries
-----------------------------------------------  -----  ---------  --------  ----------  --------------  -------------------  ----------------------
/opt/airflow/dags/healthcare_claims_pipeline.py    219  0.00s             1           0  0.05s           2026-09-04T18:39:22                      10
================================================================================
[2026-09-04T18:40:22.648+0000] {manager.py:997} INFO - 
================================================================================
DAG File Processing Stats

File Path                                          PID  Runtime      # DAGs    # Errors  Last Runtime    Last Run               Last # of DB Queries
-----------------------------------------------  -----  ---------  --------  ----------  --------------  -------------------  ----------------------
/opt/airflow/dags/healthcare_claims_pipeline.py    224  0.00s             1           0  0.05s           2026-09-04T18:39:52                      10
================================================================================
[2026-09-04T18:40:52.899+0000] {manager.py:997} INFO - 
================================================================================
DAG File Processing Stats

File Path                                          PID  Runtime      # DAGs    # Errors  Last Runtime    Last Run               Last # of DB Queries
-----------------------------------------------  -----  ---------  --------  ----------  --------------  -------------------  ----------------------
/opt/airflow/dags/healthcare_claims_pipeline.py    229  0.01s             1           0  0.05s           2026-09-04T18:40:22                      10
================================================================================
[2026-09-04T18:41:23.105+0000] {manager.py:997} INFO - 
================================================================================
DAG File Processing Stats

File Path                                          PID  Runtime      # DAGs    # Errors  Last Runtime    Last Run               Last # of DB Queries
-----------------------------------------------  -----  ---------  --------  ----------  --------------  -------------------  ----------------------
/opt/airflow/dags/healthcare_claims_pipeline.py    234  0.00s             1           0  0.05s           2026-09-04T18:40:52                      10
================================================================================
[2026-09-04T18:41:53.360+0000] {manager.py:997} INFO - 
================================================================================
DAG File Processing Stats

File Path                                          PID  Runtime      # DAGs    # Errors  Last Runtime    Last Run               Last # of DB Queries
-----------------------------------------------  -----  ---------  --------  ----------  --------------  -------------------  ----------------------
/opt/airflow/dags/healthcare_claims_pipeline.py    239  0.00s             1           0  0.06s           2026-09-04T18:41:23                      10
================================================================================
[2026-09-04T18:42:23.581+0000] {manager.py:997} INFO - 
================================================================================
DAG File Processing Stats

File Path                                          PID  Runtime      # DAGs    # Errors  Last Runtime    Last Run               Last # of DB Queries
-----------------------------------------------  -----  ---------  --------  ----------  --------------  -------------------  ----------------------
/opt/airflow/dags/healthcare_claims_pipeline.py    244  0.00s             1           0  0.04s           2026-09-04T18:41:53                      10
================================================================================
[2026-09-04T18:42:53.875+0000] {manager.py:997} INFO - 
================================================================================
DAG File Processing Stats

File Path                                          PID  Runtime      # DAGs    # Errors  Last Runtime    Last Run               Last # of DB Queries
-----------------------------------------------  -----  ---------  --------  ----------  --------------  -------------------  ----------------------
/opt/airflow/dags/healthcare_claims_pipeline.py    249  0.00s             1           0  0.06s           2026-09-04T18:42:23                      10
================================================================================
[2026-09-04T18:43:22.142+0000] {manager.py:821} INFO - Searching for files in /opt/airflow/dags
[2026-09-04T18:43:22.148+0000] {manager.py:824} INFO - There are 1 files in /opt/airflow/dags
[2026-09-04T18:43:24.177+0000] {manager.py:997} INFO - 
================================================================================
DAG File Processing Stats

File Path                                          PID  Runtime      # DAGs    # Errors  Last Runtime    Last Run               Last # of DB Queries
-----------------------------------------------  -----  ---------  --------  ----------  --------------  -------------------  ----------------------
/opt/airflow/dags/healthcare_claims_pipeline.py    254  0.00s             1           0  0.06s           2026-09-04T18:42:53                      10
================================================================================
[2026-09-04T18:43:54.373+0000] {manager.py:997} INFO - 
================================================================================
DAG File Processing Stats

File Path                                          PID  Runtime      # DAGs    # Errors  Last Runtime    Last Run               Last # of DB Queries
-----------------------------------------------  -----  ---------  --------  ----------  --------------  -------------------  ----------------------
/opt/airflow/dags/healthcare_claims_pipeline.py    259  0.00s             1           0  0.05s           2026-09-04T18:43:24                      10
================================================================================
[2026-09-04T18:44:24.598+0000] {manager.py:997} INFO - 
================================================================================
DAG File Processing Stats

File Path                                          PID  Runtime      # DAGs    # Errors  Last Runtime    Last Run               Last # of DB Queries
-----------------------------------------------  -----  ---------  --------  ----------  --------------  -------------------  ----------------------
/opt/airflow/dags/healthcare_claims_pipeline.py    264  0.00s             1           0  0.04s           2026-09-04T18:43:54                      10
================================================================================
[2026-09-04T18:44:54.850+0000] {manager.py:997} INFO - 
================================================================================
DAG File Processing Stats

File Path                                          PID  Runtime      # DAGs    # Errors  Last Runtime    Last Run               Last # of DB Queries
-----------------------------------------------  -----  ---------  --------  ----------  --------------  -------------------  ----------------------
/opt/airflow/dags/healthcare_claims_pipeline.py    269  0.00s             1           0  0.04s           2026-09-04T18:44:24                      10
================================================================================
[2026-09-04T18:45:25.116+0000] {manager.py:997} INFO - 
================================================================================
DAG File Processing Stats

File Path                                          PID  Runtime      # DAGs    # Errors  Last Runtime    Last Run               Last # of DB Queries
-----------------------------------------------  -----  ---------  --------  ----------  --------------  -------------------  ----------------------
/opt/airflow/dags/healthcare_claims_pipeline.py    274  0.00s             1           0  0.04s           2026-09-04T18:44:54                      10
================================================================================
[2026-09-04T18:45:55.394+0000] {manager.py:997} INFO - 
================================================================================
DAG File Processing Stats

File Path                                          PID  Runtime      # DAGs    # Errors  Last Runtime    Last Run               Last # of DB Queries
-----------------------------------------------  -----  ---------  --------  ----------  --------------  -------------------  ----------------------
/opt/airflow/dags/healthcare_claims_pipeline.py    279  0.00s             1           0  0.04s           2026-09-04T18:45:25                      10
================================================================================
[2026-09-04T18:46:25.670+0000] {manager.py:997} INFO - 
================================================================================
DAG File Processing Stats

File Path                                          PID  Runtime      # DAGs    # Errors  Last Runtime    Last Run               Last # of DB Queries
-----------------------------------------------  -----  ---------  --------  ----------  --------------  -------------------  ----------------------
/opt/airflow/dags/healthcare_claims_pipeline.py    284  0.00s             1           0  0.05s           2026-09-04T18:45:55                      10
================================================================================
[2026-09-04T18:46:55.890+0000] {manager.py:997} INFO - 
================================================================================
DAG File Processing Stats

File Path                                          PID  Runtime      # DAGs    # Errors  Last Runtime    Last Run               Last # of DB Queries
-----------------------------------------------  -----  ---------  --------  ----------  --------------  -------------------  ----------------------
/opt/airflow/dags/healthcare_claims_pipeline.py    289  0.00s             1           0  0.06s           2026-09-04T18:46:25                      10
================================================================================
[2026-09-04T18:47:26.127+0000] {manager.py:997} INFO - 
================================================================================
DAG File Processing Stats

File Path                                          PID  Runtime      # DAGs    # Errors  Last Runtime    Last Run               Last # of DB Queries
-----------------------------------------------  -----  ---------  --------  ----------  --------------  -------------------  ----------------------
/opt/airflow/dags/healthcare_claims_pipeline.py    294  0.00s             1           0  0.04s           2026-09-04T18:46:55                      10
================================================================================
[2026-09-04T18:47:56.346+0000] {manager.py:997} INFO - 
================================================================================
DAG File Processing Stats

File Path                                          PID  Runtime      # DAGs    # Errors  Last Runtime    Last Run               Last # of DB Queries
-----------------------------------------------  -----  ---------  --------  ----------  --------------  -------------------  ----------------------
/opt/airflow/dags/healthcare_claims_pipeline.py    299  0.00s             1           0  0.04s           2026-09-04T18:47:26                      10
================================================================================
[2026-09-04T18:48:22.550+0000] {manager.py:821} INFO - Searching for files in /opt/airflow/dags
[2026-09-04T18:48:22.555+0000] {manager.py:824} INFO - There are 1 files in /opt/airflow/dags
[2026-09-04T18:48:26.592+0000] {manager.py:997} INFO - 
================================================================================
DAG File Processing Stats

File Path                                        PID    Runtime      # DAGs    # Errors  Last Runtime    Last Run               Last # of DB Queries
-----------------------------------------------  -----  ---------  --------  ----------  --------------  -------------------  ----------------------
/opt/airflow/dags/healthcare_claims_pipeline.py                           1           0  0.14s           2026-09-04T18:48:07                      32
================================================================================
[2026-09-04T18:48:56.815+0000] {manager.py:997} INFO - 
================================================================================
DAG File Processing Stats

File Path                                        PID    Runtime      # DAGs    # Errors  Last Runtime    Last Run               Last # of DB Queries
-----------------------------------------------  -----  ---------  --------  ----------  --------------  -------------------  ----------------------
/opt/airflow/dags/healthcare_claims_pipeline.py                           1           0  0.05s           2026-09-04T18:48:37                      10
================================================================================
[2026-09-04T18:49:27.038+0000] {manager.py:997} INFO - 
================================================================================
DAG File Processing Stats

File Path                                        PID    Runtime      # DAGs    # Errors  Last Runtime    Last Run               Last # of DB Queries
-----------------------------------------------  -----  ---------  --------  ----------  --------------  -------------------  ----------------------
/opt/airflow/dags/healthcare_claims_pipeline.py                           1           0  0.05s           2026-09-04T18:49:07                      10
================================================================================
[2026-09-04T18:49:57.285+0000] {manager.py:997} INFO - 
================================================================================
DAG File Processing Stats

File Path                                        PID    Runtime      # DAGs    # Errors  Last Runtime    Last Run               Last # of DB Queries
-----------------------------------------------  -----  ---------  --------  ----------  --------------  -------------------  ----------------------
/opt/airflow/dags/healthcare_claims_pipeline.py                           1           0  0.05s           2026-09-04T18:49:38                      10
================================================================================
[2026-09-04T18:50:27.477+0000] {manager.py:997} INFO - 
================================================================================
DAG File Processing Stats

File Path                                        PID    Runtime      # DAGs    # Errors  Last Runtime    Last Run               Last # of DB Queries
-----------------------------------------------  -----  ---------  --------  ----------  --------------  -------------------  ----------------------
/opt/airflow/dags/healthcare_claims_pipeline.py                           1           0  0.05s           2026-09-04T18:50:08                      10
================================================================================
[2026-09-04T18:50:57.730+0000] {manager.py:997} INFO - 
================================================================================
DAG File Processing Stats

File Path                                        PID    Runtime      # DAGs    # Errors  Last Runtime    Last Run               Last # of DB Queries
-----------------------------------------------  -----  ---------  --------  ----------  --------------  -------------------  ----------------------
/opt/airflow/dags/healthcare_claims_pipeline.py                           1           0  0.06s           2026-09-04T18:50:38                      10
================================================================================
[2026-09-04T18:51:27.989+0000] {manager.py:997} INFO - 
================================================================================
DAG File Processing Stats

File Path                                        PID    Runtime      # DAGs    # Errors  Last Runtime    Last Run               Last # of DB Queries
-----------------------------------------------  -----  ---------  --------  ----------  --------------  -------------------  ----------------------
/opt/airflow/dags/healthcare_claims_pipeline.py                           1           0  0.06s           2026-09-04T18:51:08                      10
================================================================================
[2026-09-04T18:51:58.254+0000] {manager.py:997} INFO - 
================================================================================
DAG File Processing Stats

File Path                                        PID    Runtime      # DAGs    # Errors  Last Runtime    Last Run               Last # of DB Queries
-----------------------------------------------  -----  ---------  --------  ----------  --------------  -------------------  ----------------------
/opt/airflow/dags/healthcare_claims_pipeline.py                           1           0  0.06s           2026-09-04T18:51:39                      10
================================================================================
[2026-09-04T18:52:28.450+0000] {manager.py:997} INFO - 
================================================================================
DAG File Processing Stats

File Path                                        PID    Runtime      # DAGs    # Errors  Last Runtime    Last Run               Last # of DB Queries
-----------------------------------------------  -----  ---------  --------  ----------  --------------  -------------------  ----------------------
/opt/airflow/dags/healthcare_claims_pipeline.py                           1           0  0.05s           2026-09-04T18:52:09                      10
================================================================================
[2026-09-04T18:52:58.714+0000] {manager.py:997} INFO - 
================================================================================
DAG File Processing Stats

File Path                                        PID    Runtime      # DAGs    # Errors  Last Runtime    Last Run               Last # of DB Queries
-----------------------------------------------  -----  ---------  --------  ----------  --------------  -------------------  ----------------------
/opt/airflow/dags/healthcare_claims_pipeline.py                           1           0  0.06s           2026-09-04T18:52:39                      10
================================================================================
[2026-09-04T18:53:22.893+0000] {manager.py:821} INFO - Searching for files in /opt/airflow/dags
[2026-09-04T18:53:22.896+0000] {manager.py:824} INFO - There are 1 files in /opt/airflow/dags
[2026-09-04T18:53:28.936+0000] {manager.py:997} INFO - 
================================================================================
DAG File Processing Stats

File Path                                        PID    Runtime      # DAGs    # Errors  Last Runtime    Last Run               Last # of DB Queries
-----------------------------------------------  -----  ---------  --------  ----------  --------------  -------------------  ----------------------
/opt/airflow/dags/healthcare_claims_pipeline.py                           1           0  0.05s           2026-09-04T18:53:09                      10
================================================================================
[2026-09-04T18:53:59.214+0000] {manager.py:997} INFO - 
================================================================================
DAG File Processing Stats

File Path                                        PID    Runtime      # DAGs    # Errors  Last Runtime    Last Run               Last # of DB Queries
-----------------------------------------------  -----  ---------  --------  ----------  --------------  -------------------  ----------------------
/opt/airflow/dags/healthcare_claims_pipeline.py                           1           0  0.06s           2026-09-04T18:53:40                      10
================================================================================
[2026-09-04T18:54:29.486+0000] {manager.py:997} INFO - 
================================================================================
DAG File Processing Stats

File Path                                        PID    Runtime      # DAGs    # Errors  Last Runtime    Last Run               Last # of DB Queries
-----------------------------------------------  -----  ---------  --------  ----------  --------------  -------------------  ----------------------
/opt/airflow/dags/healthcare_claims_pipeline.py                           1           0  0.06s           2026-09-04T18:54:10                      10
================================================================================
[2026-09-04T18:54:59.741+0000] {manager.py:997} INFO - 
================================================================================
DAG File Processing Stats

File Path                                        PID    Runtime      # DAGs    # Errors  Last Runtime    Last Run               Last # of DB Queries
-----------------------------------------------  -----  ---------  --------  ----------  --------------  -------------------  ----------------------
/opt/airflow/dags/healthcare_claims_pipeline.py                           1           0  0.06s           2026-09-04T18:54:40                      10
================================================================================
[2026-09-04T18:55:30.016+0000] {manager.py:997} INFO - 
================================================================================
DAG File Processing Stats

File Path                                        PID    Runtime      # DAGs    # Errors  Last Runtime    Last Run               Last # of DB Queries
-----------------------------------------------  -----  ---------  --------  ----------  --------------  -------------------  ----------------------
/opt/airflow/dags/healthcare_claims_pipeline.py                           1           0  0.05s           2026-09-04T18:55:10                      10
================================================================================
[2026-09-04T18:56:00.299+0000] {manager.py:997} INFO - 
================================================================================
DAG File Processing Stats

File Path                                        PID    Runtime      # DAGs    # Errors  Last Runtime    Last Run               Last # of DB Queries
-----------------------------------------------  -----  ---------  --------  ----------  --------------  -------------------  ----------------------
/opt/airflow/dags/healthcare_claims_pipeline.py                           1           0  0.06s           2026-09-04T18:55:41                      10
================================================================================
[2026-09-04T18:56:30.370+0000] {manager.py:997} INFO - 
================================================================================
DAG File Processing Stats

File Path                                        PID    Runtime      # DAGs    # Errors  Last Runtime    Last Run               Last # of DB Queries
-----------------------------------------------  -----  ---------  --------  ----------  --------------  -------------------  ----------------------
/opt/airflow/dags/healthcare_claims_pipeline.py                           1           0  0.04s           2026-09-04T18:56:11                      10
================================================================================
[2026-09-04T18:57:00.601+0000] {manager.py:997} INFO - 
================================================================================
DAG File Processing Stats

File Path                                        PID    Runtime      # DAGs    # Errors  Last Runtime    Last Run               Last # of DB Queries
-----------------------------------------------  -----  ---------  --------  ----------  --------------  -------------------  ----------------------
/opt/airflow/dags/healthcare_claims_pipeline.py                           1           0  0.05s           2026-09-04T18:56:41                      10
================================================================================
[2026-09-04T18:57:30.872+0000] {manager.py:997} INFO - 
================================================================================
DAG File Processing Stats

File Path                                        PID    Runtime      # DAGs    # Errors  Last Runtime    Last Run               Last # of DB Queries
-----------------------------------------------  -----  ---------  --------  ----------  --------------  -------------------  ----------------------
/opt/airflow/dags/healthcare_claims_pipeline.py                           1           0  0.04s           2026-09-04T18:57:11                      10
================================================================================
[2026-09-04T18:58:01.143+0000] {manager.py:997} INFO - 
================================================================================
DAG File Processing Stats

File Path                                        PID    Runtime      # DAGs    # Errors  Last Runtime    Last Run               Last # of DB Queries
-----------------------------------------------  -----  ---------  --------  ----------  --------------  -------------------  ----------------------
/opt/airflow/dags/healthcare_claims_pipeline.py                           1           0  0.06s           2026-09-04T18:57:42                      10
================================================================================
[2026-09-04T18:58:23.327+0000] {manager.py:821} INFO - Searching for files in /opt/airflow/dags
[2026-09-04T18:58:23.333+0000] {manager.py:824} INFO - There are 1 files in /opt/airflow/dags
[2026-09-04T18:58:31.400+0000] {manager.py:997} INFO - 
================================================================================
DAG File Processing Stats

File Path                                        PID    Runtime      # DAGs    # Errors  Last Runtime    Last Run               Last # of DB Queries
-----------------------------------------------  -----  ---------  --------  ----------  --------------  -------------------  ----------------------
/opt/airflow/dags/healthcare_claims_pipeline.py                           1           0  0.04s           2026-09-04T18:58:12                      10
================================================================================
[2026-09-04T18:59:01.624+0000] {manager.py:997} INFO - 
================================================================================
DAG File Processing Stats

File Path                                        PID    Runtime      # DAGs    # Errors  Last Runtime    Last Run               Last # of DB Queries
-----------------------------------------------  -----  ---------  --------  ----------  --------------  -------------------  ----------------------
/opt/airflow/dags/healthcare_claims_pipeline.py                           1           0  0.06s           2026-09-04T18:58:42                      10
================================================================================
[2026-09-04T18:59:31.857+0000] {manager.py:997} INFO - 
================================================================================
DAG File Processing Stats

File Path                                        PID    Runtime      # DAGs    # Errors  Last Runtime    Last Run               Last # of DB Queries
-----------------------------------------------  -----  ---------  --------  ----------  --------------  -------------------  ----------------------
/opt/airflow/dags/healthcare_claims_pipeline.py                           1           0  0.04s           2026-09-04T18:59:12                      10
================================================================================
[2026-09-04T19:00:02.086+0000] {manager.py:997} INFO - 
================================================================================
DAG File Processing Stats

File Path                                        PID    Runtime      # DAGs    # Errors  Last Runtime    Last Run               Last # of DB Queries
-----------------------------------------------  -----  ---------  --------  ----------  --------------  -------------------  ----------------------
/opt/airflow/dags/healthcare_claims_pipeline.py                           1           0  0.05s           2026-09-04T18:59:42                      10
================================================================================
[2026-09-04T19:00:32.336+0000] {manager.py:997} INFO - 
================================================================================
DAG File Processing Stats

File Path                                        PID    Runtime      # DAGs    # Errors  Last Runtime    Last Run               Last # of DB Queries
-----------------------------------------------  -----  ---------  --------  ----------  --------------  -------------------  ----------------------
/opt/airflow/dags/healthcare_claims_pipeline.py                           1           0  0.06s           2026-09-04T19:00:13                      10
================================================================================
[2026-09-04T19:01:02.540+0000] {manager.py:997} INFO - 
================================================================================
DAG File Processing Stats

File Path                                        PID    Runtime      # DAGs    # Errors  Last Runtime    Last Run               Last # of DB Queries
-----------------------------------------------  -----  ---------  --------  ----------  --------------  -------------------  ----------------------
/opt/airflow/dags/healthcare_claims_pipeline.py                           1           0  0.06s           2026-09-04T19:00:43                      10
================================================================================
[2026-09-04T19:01:32.768+0000] {manager.py:997} INFO - 
================================================================================
DAG File Processing Stats

File Path                                        PID    Runtime      # DAGs    # Errors  Last Runtime    Last Run               Last # of DB Queries
-----------------------------------------------  -----  ---------  --------  ----------  --------------  -------------------  ----------------------
/opt/airflow/dags/healthcare_claims_pipeline.py                           1           0  0.05s           2026-09-04T19:01:13                      10
================================================================================
[2026-09-04T19:02:02.992+0000] {manager.py:997} INFO - 
================================================================================
DAG File Processing Stats

File Path                                        PID    Runtime      # DAGs    # Errors  Last Runtime    Last Run               Last # of DB Queries
-----------------------------------------------  -----  ---------  --------  ----------  --------------  -------------------  ----------------------
/opt/airflow/dags/healthcare_claims_pipeline.py                           1           0  0.03s           2026-09-04T19:01:43                      10
================================================================================
[2026-09-04T19:02:33.250+0000] {manager.py:997} INFO - 
================================================================================
DAG File Processing Stats

File Path                                        PID    Runtime      # DAGs    # Errors  Last Runtime    Last Run               Last # of DB Queries
-----------------------------------------------  -----  ---------  --------  ----------  --------------  -------------------  ----------------------
/opt/airflow/dags/healthcare_claims_pipeline.py                           1           0  0.06s           2026-09-04T19:02:14                      10
================================================================================
[2026-09-04T19:03:03.527+0000] {manager.py:997} INFO - 
================================================================================
DAG File Processing Stats

File Path                                        PID    Runtime      # DAGs    # Errors  Last Runtime    Last Run               Last # of DB Queries
-----------------------------------------------  -----  ---------  --------  ----------  --------------  -------------------  ----------------------
/opt/airflow/dags/healthcare_claims_pipeline.py                           1           0  0.05s           2026-09-04T19:02:44                      10
================================================================================
[2026-09-04T19:03:23.689+0000] {manager.py:821} INFO - Searching for files in /opt/airflow/dags
[2026-09-04T19:03:23.692+0000] {manager.py:824} INFO - There are 1 files in /opt/airflow/dags
[2026-09-04T19:03:33.796+0000] {manager.py:997} INFO - 
================================================================================
DAG File Processing Stats

File Path                                        PID    Runtime      # DAGs    # Errors  Last Runtime    Last Run               Last # of DB Queries
-----------------------------------------------  -----  ---------  --------  ----------  --------------  -------------------  ----------------------
/opt/airflow/dags/healthcare_claims_pipeline.py                           1           0  0.10s           2026-09-04T19:03:26                      32
================================================================================
[2026-09-04T19:04:04.079+0000] {manager.py:997} INFO - 
================================================================================
DAG File Processing Stats

File Path                                        PID    Runtime      # DAGs    # Errors  Last Runtime    Last Run               Last # of DB Queries
-----------------------------------------------  -----  ---------  --------  ----------  --------------  -------------------  ----------------------
/opt/airflow/dags/healthcare_claims_pipeline.py                           1           0  0.06s           2026-09-04T19:03:57                      10
================================================================================
[2026-09-04T19:04:34.349+0000] {manager.py:997} INFO - 
================================================================================
DAG File Processing Stats

File Path                                        PID    Runtime      # DAGs    # Errors  Last Runtime    Last Run               Last # of DB Queries
-----------------------------------------------  -----  ---------  --------  ----------  --------------  -------------------  ----------------------
/opt/airflow/dags/healthcare_claims_pipeline.py                           1           0  0.09s           2026-09-04T19:04:10                      32
================================================================================
[2026-09-04T19:05:04.608+0000] {manager.py:997} INFO - 
================================================================================
DAG File Processing Stats

File Path                                        PID    Runtime      # DAGs    # Errors  Last Runtime    Last Run               Last # of DB Queries
-----------------------------------------------  -----  ---------  --------  ----------  --------------  -------------------  ----------------------
/opt/airflow/dags/healthcare_claims_pipeline.py                           1           0  0.08s           2026-09-04T19:04:41                      32
================================================================================
[2026-09-04T19:05:34.871+0000] {manager.py:997} INFO - 
================================================================================
DAG File Processing Stats

File Path                                        PID    Runtime      # DAGs    # Errors  Last Runtime    Last Run               Last # of DB Queries
-----------------------------------------------  -----  ---------  --------  ----------  --------------  -------------------  ----------------------
/opt/airflow/dags/healthcare_claims_pipeline.py                           1           0  0.07s           2026-09-04T19:05:11                      10
================================================================================
[2026-09-04T19:05:37.691+0000] {manager.py:465} INFO - Exiting gracefully upon receiving signal 15
[2026-09-04T19:05:46.598+0000] {manager.py:483} INFO - Processing files using up to 2 processes at a time 
[2026-09-04T19:05:46.598+0000] {manager.py:484} INFO - Process each file at most once every 30 seconds
[2026-09-04T19:05:46.598+0000] {manager.py:485} INFO - Checking for new files in /opt/airflow/dags every 300 seconds
[2026-09-04T19:05:46.598+0000] {manager.py:821} INFO - Searching for files in /opt/airflow/dags
[2026-09-04T19:05:46.599+0000] {manager.py:824} INFO - There are 1 files in /opt/airflow/dags
[2026-09-04T19:05:46.622+0000] {manager.py:997} INFO - 
================================================================================
DAG File Processing Stats

File Path                                          PID  Runtime      # DAGs    # Errors  Last Runtime    Last Run      Last # of DB Queries
-----------------------------------------------  -----  ---------  --------  ----------  --------------  ----------  ----------------------
/opt/airflow/dags/healthcare_claims_pipeline.py    171  0.01s             0           0                                                   0
================================================================================
[2026-09-04T19:06:16.738+0000] {manager.py:997} INFO - 
================================================================================
DAG File Processing Stats

File Path                                          PID  Runtime      # DAGs    # Errors  Last Runtime    Last Run               Last # of DB Queries
-----------------------------------------------  -----  ---------  --------  ----------  --------------  -------------------  ----------------------
/opt/airflow/dags/healthcare_claims_pipeline.py    176  0.00s             1           0  0.05s           2026-09-04T19:05:46                      10
================================================================================
[2026-09-04T19:06:46.856+0000] {manager.py:997} INFO - 
================================================================================
DAG File Processing Stats

File Path                                          PID  Runtime      # DAGs    # Errors  Last Runtime    Last Run               Last # of DB Queries
-----------------------------------------------  -----  ---------  --------  ----------  --------------  -------------------  ----------------------
/opt/airflow/dags/healthcare_claims_pipeline.py    215  0.00s             1           0  0.05s           2026-09-04T19:06:16                      10
================================================================================
[2026-09-04T19:07:17.030+0000] {manager.py:997} INFO - 
================================================================================
DAG File Processing Stats

File Path                                          PID  Runtime      # DAGs    # Errors  Last Runtime    Last Run               Last # of DB Queries
-----------------------------------------------  -----  ---------  --------  ----------  --------------  -------------------  ----------------------
/opt/airflow/dags/healthcare_claims_pipeline.py    220  0.01s             1           0  0.05s           2026-09-04T19:06:46                      10
================================================================================
[2026-09-04T19:07:47.286+0000] {manager.py:997} INFO - 
================================================================================
DAG File Processing Stats

File Path                                          PID  Runtime      # DAGs    # Errors  Last Runtime    Last Run               Last # of DB Queries
-----------------------------------------------  -----  ---------  --------  ----------  --------------  -------------------  ----------------------
/opt/airflow/dags/healthcare_claims_pipeline.py    260  0.00s             1           0  0.09s           2026-09-04T19:07:17                      10
================================================================================
[2026-09-04T19:08:17.497+0000] {manager.py:997} INFO - 
================================================================================
DAG File Processing Stats

File Path                                          PID  Runtime      # DAGs    # Errors  Last Runtime    Last Run               Last # of DB Queries
-----------------------------------------------  -----  ---------  --------  ----------  --------------  -------------------  ----------------------
/opt/airflow/dags/healthcare_claims_pipeline.py    265  0.00s             1           0  0.05s           2026-09-04T19:07:47                      10
================================================================================
[2026-09-04T19:08:47.692+0000] {manager.py:997} INFO - 
================================================================================
DAG File Processing Stats

File Path                                          PID  Runtime      # DAGs    # Errors  Last Runtime    Last Run               Last # of DB Queries
-----------------------------------------------  -----  ---------  --------  ----------  --------------  -------------------  ----------------------
/opt/airflow/dags/healthcare_claims_pipeline.py    270  0.00s             1           0  0.04s           2026-09-04T19:08:17                      10
================================================================================
[2026-09-04T19:09:17.903+0000] {manager.py:997} INFO - 
================================================================================
DAG File Processing Stats

File Path                                          PID  Runtime      # DAGs    # Errors  Last Runtime    Last Run               Last # of DB Queries
-----------------------------------------------  -----  ---------  --------  ----------  --------------  -------------------  ----------------------
/opt/airflow/dags/healthcare_claims_pipeline.py    275  0.00s             1           0  0.06s           2026-09-04T19:08:47                      10
================================================================================
[2026-09-04T19:09:48.167+0000] {manager.py:997} INFO - 
================================================================================
DAG File Processing Stats

File Path                                          PID  Runtime      # DAGs    # Errors  Last Runtime    Last Run               Last # of DB Queries
-----------------------------------------------  -----  ---------  --------  ----------  --------------  -------------------  ----------------------
/opt/airflow/dags/healthcare_claims_pipeline.py    280  0.00s             1           0  0.06s           2026-09-04T19:09:17                      10
================================================================================
[2026-09-04T19:10:18.400+0000] {manager.py:997} INFO - 
================================================================================
DAG File Processing Stats

File Path                                          PID  Runtime      # DAGs    # Errors  Last Runtime    Last Run               Last # of DB Queries
-----------------------------------------------  -----  ---------  --------  ----------  --------------  -------------------  ----------------------
/opt/airflow/dags/healthcare_claims_pipeline.py    285  0.00s             1           0  0.06s           2026-09-04T19:09:48                      10
================================================================================
[2026-09-04T19:10:46.628+0000] {manager.py:821} INFO - Searching for files in /opt/airflow/dags
[2026-09-04T19:10:46.630+0000] {manager.py:824} INFO - There are 1 files in /opt/airflow/dags
[2026-09-04T19:10:48.645+0000] {manager.py:997} INFO - 
================================================================================
DAG File Processing Stats

File Path                                          PID  Runtime      # DAGs    # Errors  Last Runtime    Last Run               Last # of DB Queries
-----------------------------------------------  -----  ---------  --------  ----------  --------------  -------------------  ----------------------
/opt/airflow/dags/healthcare_claims_pipeline.py    290  0.00s             1           0  0.05s           2026-09-04T19:10:18                      10
================================================================================
[2026-09-04T19:11:18.911+0000] {manager.py:997} INFO - 
================================================================================
DAG File Processing Stats

File Path                                          PID  Runtime      # DAGs    # Errors  Last Runtime    Last Run               Last # of DB Queries
-----------------------------------------------  -----  ---------  --------  ----------  --------------  -------------------  ----------------------
/opt/airflow/dags/healthcare_claims_pipeline.py    295  0.00s             1           0  0.05s           2026-09-04T19:10:48                      10
================================================================================
[2026-09-04T19:11:49.145+0000] {manager.py:997} INFO - 
================================================================================
DAG File Processing Stats

File Path                                          PID  Runtime      # DAGs    # Errors  Last Runtime    Last Run               Last # of DB Queries
-----------------------------------------------  -----  ---------  --------  ----------  --------------  -------------------  ----------------------
/opt/airflow/dags/healthcare_claims_pipeline.py    300  0.01s             1           0  0.05s           2026-09-04T19:11:18                      10
================================================================================
[2026-09-04T19:12:19.469+0000] {manager.py:997} INFO - 
================================================================================
DAG File Processing Stats

File Path                                          PID  Runtime      # DAGs    # Errors  Last Runtime    Last Run               Last # of DB Queries
-----------------------------------------------  -----  ---------  --------  ----------  --------------  -------------------  ----------------------
/opt/airflow/dags/healthcare_claims_pipeline.py    305  0.00s             1           0  0.07s           2026-09-04T19:11:49                      10
================================================================================
[2026-09-04T19:12:49.743+0000] {manager.py:997} INFO - 
================================================================================
DAG File Processing Stats

File Path                                          PID  Runtime      # DAGs    # Errors  Last Runtime    Last Run               Last # of DB Queries
-----------------------------------------------  -----  ---------  --------  ----------  --------------  -------------------  ----------------------
/opt/airflow/dags/healthcare_claims_pipeline.py    310  0.00s             1           0  0.04s           2026-09-04T19:12:19                      10
================================================================================
[2026-09-04T19:13:20.008+0000] {manager.py:997} INFO - 
================================================================================
DAG File Processing Stats

File Path                                          PID  Runtime      # DAGs    # Errors  Last Runtime    Last Run               Last # of DB Queries
-----------------------------------------------  -----  ---------  --------  ----------  --------------  -------------------  ----------------------
/opt/airflow/dags/healthcare_claims_pipeline.py    315  0.00s             1           0  0.04s           2026-09-04T19:12:49                      10
================================================================================
[2026-09-04T19:13:50.284+0000] {manager.py:997} INFO - 
================================================================================
DAG File Processing Stats

File Path                                          PID  Runtime      # DAGs    # Errors  Last Runtime    Last Run               Last # of DB Queries
-----------------------------------------------  -----  ---------  --------  ----------  --------------  -------------------  ----------------------
/opt/airflow/dags/healthcare_claims_pipeline.py    320  0.00s             1           0  0.04s           2026-09-04T19:13:20                      10
================================================================================
[2026-09-04T19:14:20.536+0000] {manager.py:997} INFO - 
================================================================================
DAG File Processing Stats

File Path                                          PID  Runtime      # DAGs    # Errors  Last Runtime    Last Run               Last # of DB Queries
-----------------------------------------------  -----  ---------  --------  ----------  --------------  -------------------  ----------------------
/opt/airflow/dags/healthcare_claims_pipeline.py    325  0.00s             1           0  0.05s           2026-09-04T19:13:50                      10
================================================================================
[2026-09-04T19:14:50.795+0000] {manager.py:997} INFO - 
================================================================================
DAG File Processing Stats

File Path                                          PID  Runtime      # DAGs    # Errors  Last Runtime    Last Run               Last # of DB Queries
-----------------------------------------------  -----  ---------  --------  ----------  --------------  -------------------  ----------------------
/opt/airflow/dags/healthcare_claims_pipeline.py    330  0.00s             1           0  0.05s           2026-09-04T19:14:20                      10
================================================================================
[2026-09-04T19:15:20.955+0000] {manager.py:997} INFO - 
================================================================================
DAG File Processing Stats

File Path                                          PID  Runtime      # DAGs    # Errors  Last Runtime    Last Run               Last # of DB Queries
-----------------------------------------------  -----  ---------  --------  ----------  --------------  -------------------  ----------------------
/opt/airflow/dags/healthcare_claims_pipeline.py    403  0.00s             1           0  0.05s           2026-09-04T19:14:50                      10
================================================================================
[2026-09-04T19:15:47.097+0000] {manager.py:821} INFO - Searching for files in /opt/airflow/dags
[2026-09-04T19:15:47.102+0000] {manager.py:824} INFO - There are 1 files in /opt/airflow/dags
[2026-09-04T19:15:51.137+0000] {manager.py:997} INFO - 
================================================================================
DAG File Processing Stats

File Path                                          PID  Runtime      # DAGs    # Errors  Last Runtime    Last Run               Last # of DB Queries
-----------------------------------------------  -----  ---------  --------  ----------  --------------  -------------------  ----------------------
/opt/airflow/dags/healthcare_claims_pipeline.py    408  0.00s             1           0  0.05s           2026-09-04T19:15:21                      10
================================================================================
[2026-09-04T19:16:21.302+0000] {manager.py:997} INFO - 
================================================================================
DAG File Processing Stats

File Path                                          PID  Runtime      # DAGs    # Errors  Last Runtime    Last Run               Last # of DB Queries
-----------------------------------------------  -----  ---------  --------  ----------  --------------  -------------------  ----------------------
/opt/airflow/dags/healthcare_claims_pipeline.py    413  0.00s             1           0  0.06s           2026-09-04T19:15:51                      10
================================================================================
[2026-09-04T19:16:51.443+0000] {manager.py:997} INFO - 
================================================================================
DAG File Processing Stats

File Path                                          PID  Runtime      # DAGs    # Errors  Last Runtime    Last Run               Last # of DB Queries
-----------------------------------------------  -----  ---------  --------  ----------  --------------  -------------------  ----------------------
/opt/airflow/dags/healthcare_claims_pipeline.py    418  0.00s             1           0  0.05s           2026-09-04T19:16:21                      10
================================================================================
[2026-09-04T19:17:21.596+0000] {manager.py:997} INFO - 
================================================================================
DAG File Processing Stats

File Path                                          PID  Runtime      # DAGs    # Errors  Last Runtime    Last Run               Last # of DB Queries
-----------------------------------------------  -----  ---------  --------  ----------  --------------  -------------------  ----------------------
/opt/airflow/dags/healthcare_claims_pipeline.py    424  0.00s             1           0  0.05s           2026-09-04T19:16:51                      10
================================================================================
[2026-09-04T19:17:51.815+0000] {manager.py:997} INFO - 
================================================================================
DAG File Processing Stats

File Path                                          PID  Runtime      # DAGs    # Errors  Last Runtime    Last Run               Last # of DB Queries
-----------------------------------------------  -----  ---------  --------  ----------  --------------  -------------------  ----------------------
/opt/airflow/dags/healthcare_claims_pipeline.py    610  0.00s             1           0  0.18s           2026-09-04T19:17:21                      10
================================================================================
[2026-09-04T19:18:22.073+0000] {manager.py:997} INFO - 
================================================================================
DAG File Processing Stats

File Path                                          PID  Runtime      # DAGs    # Errors  Last Runtime    Last Run               Last # of DB Queries
-----------------------------------------------  -----  ---------  --------  ----------  --------------  -------------------  ----------------------
/opt/airflow/dags/healthcare_claims_pipeline.py    615  0.00s             1           0  0.06s           2026-09-04T19:17:51                      10
================================================================================
[2026-09-04T19:18:52.335+0000] {manager.py:997} INFO - 
================================================================================
DAG File Processing Stats

File Path                                          PID  Runtime      # DAGs    # Errors  Last Runtime    Last Run               Last # of DB Queries
-----------------------------------------------  -----  ---------  --------  ----------  --------------  -------------------  ----------------------
/opt/airflow/dags/healthcare_claims_pipeline.py    620  0.00s             1           0  0.07s           2026-09-04T19:18:22                      10
================================================================================
[2026-09-04T19:19:22.570+0000] {manager.py:997} INFO - 
================================================================================
DAG File Processing Stats

File Path                                          PID  Runtime      # DAGs    # Errors  Last Runtime    Last Run               Last # of DB Queries
-----------------------------------------------  -----  ---------  --------  ----------  --------------  -------------------  ----------------------
/opt/airflow/dags/healthcare_claims_pipeline.py    625  0.00s             1           0  0.07s           2026-09-04T19:18:52                      10
================================================================================
