[2026-09-04T19:17:28.219+0000] {local_task_job_runner.py:123} INFO - ::group::Pre task execution logs
[2026-09-04T19:17:28.229+0000] {taskinstance.py:2614} INFO - Dependencies all met for dep_context=non-requeueable deps ti=<TaskInstance: healthcare_analytics.dbt_build manual__2026-09-04T19:15:16.107400+00:00 [queued]>
[2026-09-04T19:17:28.232+0000] {taskinstance.py:2614} INFO - Dependencies all met for dep_context=requeueable deps ti=<TaskInstance: healthcare_analytics.dbt_build manual__2026-09-04T19:15:16.107400+00:00 [queued]>
[2026-09-04T19:17:28.232+0000] {taskinstance.py:2867} INFO - Starting attempt 1 of 1
[2026-09-04T19:17:28.237+0000] {taskinstance.py:2890} INFO - Executing <Task(BashOperator): dbt_build> on 2026-09-04 19:15:16.107400+00:00
[2026-09-04T19:17:28.242+0000] {logging_mixin.py:190} WARNING - /home/airflow/.local/lib/python3.12/site-packages/airflow/task/task_runner/standard_task_runner.py:70 DeprecationWarning: This process (pid=538) is multi-threaded, use of fork() may lead to deadlocks in the child.
[2026-09-04T19:17:28.241+0000] {standard_task_runner.py:104} INFO - Running: ['airflow', 'tasks', 'run', '***_analytics', 'dbt_build', 'manual__2026-09-04T19:15:16.107400+00:00', '--job-id', '22', '--raw', '--subdir', 'DAGS_FOLDER/***_claims_pipeline.py', '--cfg-path', '/tmp/tmpc2f45ahy']
[2026-09-04T19:17:28.244+0000] {standard_task_runner.py:105} INFO - Job 22: Subtask dbt_build
[2026-09-04T19:17:28.244+0000] {standard_task_runner.py:72} INFO - Started process 539 to run task
[2026-09-04T19:17:28.268+0000] {task_command.py:467} INFO - Running <TaskInstance: healthcare_analytics.dbt_build manual__2026-09-04T19:15:16.107400+00:00 [running]> on host 1f9f8f8a2e65
[2026-09-04T19:17:28.302+0000] {taskinstance.py:3134} INFO - Exporting env vars: AIRFLOW_CTX_DAG_OWNER='airflow' AIRFLOW_CTX_DAG_ID='***_analytics' AIRFLOW_CTX_TASK_ID='dbt_build' AIRFLOW_CTX_EXECUTION_DATE='2026-09-04T19:15:16.107400+00:00' AIRFLOW_CTX_TRY_NUMBER='1' AIRFLOW_CTX_DAG_RUN_ID='manual__2026-09-04T19:15:16.107400+00:00'
[2026-09-04T19:17:28.302+0000] {taskinstance.py:732} INFO - ::endgroup::
[2026-09-04T19:17:28.309+0000] {subprocess.py:78} INFO - Tmp dir root location: /tmp
[2026-09-04T19:17:28.309+0000] {subprocess.py:88} INFO - Running command: ['/usr/bin/bash', '-c', 'cd /Users/samisahami/***-claims-intelligence && docker compose run --rm dbt build']
[2026-09-04T19:17:28.313+0000] {subprocess.py:99} INFO - Output:
[2026-09-04T19:17:28.387+0000] {subprocess.py:106} INFO -  Container ***_postgres Running
[2026-09-04T19:17:28.422+0000] {subprocess.py:106} INFO -  Container ***_postgres Waiting
[2026-09-04T19:17:28.935+0000] {subprocess.py:106} INFO -  Container ***_postgres Healthy
[2026-09-04T19:17:28.954+0000] {subprocess.py:106} INFO -  Container ***-claims-intelligence-dbt-run-c9a62757b121 Creating
[2026-09-04T19:17:28.982+0000] {subprocess.py:106} INFO -  Container ***-claims-intelligence-dbt-run-c9a62757b121 Created
[2026-09-04T19:17:29.740+0000] {subprocess.py:106} INFO - [0m19:17:29  Running with dbt=1.12.3
[2026-09-04T19:17:29.830+0000] {subprocess.py:106} INFO - [0m19:17:29  Registered adapter: postgres=1.11.0
[2026-09-04T19:17:30.073+0000] {subprocess.py:106} INFO - [0m19:17:30  Found 11 models, 26 data tests, 1 snapshot, 4 sources, 593 macros
[2026-09-04T19:17:30.075+0000] {subprocess.py:106} INFO - [0m19:17:30
[2026-09-04T19:17:30.075+0000] {subprocess.py:106} INFO - [0m19:17:30  Concurrency: 4 threads (target='dev')
[2026-09-04T19:17:30.075+0000] {subprocess.py:106} INFO - [0m19:17:30
[2026-09-04T19:17:30.124+0000] {subprocess.py:106} INFO - [0m19:17:30  1 of 38 START test source_not_null_synthea_claims__Id_ ......................... [RUN]
[2026-09-04T19:17:30.124+0000] {subprocess.py:106} INFO - [0m19:17:30  2 of 38 START test source_not_null_synthea_claims_transactions__ID_ ............ [RUN]
[2026-09-04T19:17:30.124+0000] {subprocess.py:106} INFO - [0m19:17:30  3 of 38 START test source_not_null_synthea_patients__Id_ ....................... [RUN]
[2026-09-04T19:17:30.124+0000] {subprocess.py:106} INFO - [0m19:17:30  4 of 38 START test source_not_null_synthea_payer_transitions__END_DATE_ ........ [RUN]
[2026-09-04T19:17:30.160+0000] {subprocess.py:106} INFO - [0m19:17:30  1 of 38 PASS source_not_null_synthea_claims__Id_ ............................... [[32mPASS[0m in 0.04s]
[2026-09-04T19:17:30.163+0000] {subprocess.py:106} INFO - [0m19:17:30  5 of 38 START test source_not_null_synthea_payer_transitions__PATIENT_ ......... [RUN]
[2026-09-04T19:17:30.164+0000] {subprocess.py:106} INFO - [0m19:17:30  4 of 38 PASS source_not_null_synthea_payer_transitions__END_DATE_ .............. [[32mPASS[0m in 0.04s]
[2026-09-04T19:17:30.165+0000] {subprocess.py:106} INFO - [0m19:17:30  3 of 38 PASS source_not_null_synthea_patients__Id_ ............................. [[32mPASS[0m in 0.04s]
[2026-09-04T19:17:30.166+0000] {subprocess.py:106} INFO - [0m19:17:30  2 of 38 PASS source_not_null_synthea_claims_transactions__ID_ .................. [[32mPASS[0m in 0.04s]
[2026-09-04T19:17:30.169+0000] {subprocess.py:106} INFO - [0m19:17:30  6 of 38 START test source_not_null_synthea_payer_transitions__START_DATE_ ...... [RUN]
[2026-09-04T19:17:30.170+0000] {subprocess.py:106} INFO - [0m19:17:30  7 of 38 START test source_unique_synthea_claims__Id_ ........................... [RUN]
[2026-09-04T19:17:30.171+0000] {subprocess.py:106} INFO - [0m19:17:30  8 of 38 START test source_unique_synthea_claims_transactions__ID_ .............. [RUN]
[2026-09-04T19:17:30.189+0000] {subprocess.py:106} INFO - [0m19:17:30  5 of 38 PASS source_not_null_synthea_payer_transitions__PATIENT_ ............... [[32mPASS[0m in 0.02s]
[2026-09-04T19:17:30.189+0000] {subprocess.py:106} INFO - [0m19:17:30  9 of 38 START test source_unique_synthea_patients__Id_ ......................... [RUN]
[2026-09-04T19:17:30.196+0000] {subprocess.py:106} INFO - [0m19:17:30  6 of 38 PASS source_not_null_synthea_payer_transitions__START_DATE_ ............ [[32mPASS[0m in 0.03s]
[2026-09-04T19:17:30.197+0000] {subprocess.py:106} INFO - [0m19:17:30  7 of 38 PASS source_unique_synthea_claims__Id_ ................................. [[32mPASS[0m in 0.03s]
[2026-09-04T19:17:30.199+0000] {subprocess.py:106} INFO - [0m19:17:30  10 of 38 START sql view model analytics.stg_synthea__payer_transitions ......... [RUN]
[2026-09-04T19:17:30.200+0000] {subprocess.py:106} INFO - [0m19:17:30  8 of 38 PASS source_unique_synthea_claims_transactions__ID_ .................... [[32mPASS[0m in 0.02s]
[2026-09-04T19:17:30.200+0000] {subprocess.py:106} INFO - [0m19:17:30  11 of 38 START sql view model analytics.stg_synthea__claims .................... [RUN]
[2026-09-04T19:17:30.203+0000] {subprocess.py:106} INFO - [0m19:17:30  12 of 38 START sql view model analytics.stg_synthea__claims_transactions ....... [RUN]
[2026-09-04T19:17:30.223+0000] {subprocess.py:106} INFO - [0m19:17:30  9 of 38 PASS source_unique_synthea_patients__Id_ ............................... [[32mPASS[0m in 0.03s]
[2026-09-04T19:17:30.226+0000] {subprocess.py:106} INFO - [0m19:17:30  13 of 38 START sql view model analytics.stg_synthea__patients .................. [RUN]
[2026-09-04T19:17:30.261+0000] {subprocess.py:106} INFO - [0m19:17:30  10 of 38 OK created sql view model analytics.stg_synthea__payer_transitions .... [[32mCREATE VIEW[0m in 0.06s]
[2026-09-04T19:17:30.261+0000] {subprocess.py:106} INFO - [0m19:17:30  11 of 38 OK created sql view model analytics.stg_synthea__claims ............... [[32mCREATE VIEW[0m in 0.06s]
[2026-09-04T19:17:30.261+0000] {subprocess.py:106} INFO - [0m19:17:30  12 of 38 OK created sql view model analytics.stg_synthea__claims_transactions .. [[32mCREATE VIEW[0m in 0.06s]
[2026-09-04T19:17:30.264+0000] {subprocess.py:106} INFO - [0m19:17:30  14 of 38 START sql view model analytics.int_member_eligibility_spans ........... [RUN]
[2026-09-04T19:17:30.264+0000] {subprocess.py:106} INFO - [0m19:17:30  15 of 38 START snapshot snapshots.snap_payer_transitions ....................... [RUN]
[2026-09-04T19:17:30.265+0000] {subprocess.py:106} INFO - [0m19:17:30  16 of 38 START test not_null_stg_synthea__claims_claim_id ...................... [RUN]
[2026-09-04T19:17:30.273+0000] {subprocess.py:106} INFO - [0m19:17:30  13 of 38 OK created sql view model analytics.stg_synthea__patients ............. [[32mCREATE VIEW[0m in 0.04s]
[2026-09-04T19:17:30.275+0000] {subprocess.py:106} INFO - [0m19:17:30  17 of 38 START test unique_stg_synthea__claims_claim_id ........................ [RUN]
[2026-09-04T19:17:30.314+0000] {subprocess.py:106} INFO - [0m19:17:30  16 of 38 PASS not_null_stg_synthea__claims_claim_id ............................ [[32mPASS[0m in 0.05s]
[2026-09-04T19:17:30.318+0000] {subprocess.py:106} INFO - [0m19:17:30  17 of 38 PASS unique_stg_synthea__claims_claim_id .............................. [[32mPASS[0m in 0.02s]
[2026-09-04T19:17:30.320+0000] {subprocess.py:106} INFO - [0m19:17:30  18 of 38 START test not_null_stg_synthea__claims_transactions_claim_transaction_id  [RUN]
[2026-09-04T19:17:30.320+0000] {subprocess.py:106} INFO - [0m19:17:30  19 of 38 START test unique_stg_synthea__claims_transactions_claim_transaction_id  [RUN]
[2026-09-04T19:17:30.349+0000] {subprocess.py:106} INFO - [0m19:17:30  14 of 38 OK created sql view model analytics.int_member_eligibility_spans ...... [[32mCREATE VIEW[0m in 0.08s]
[2026-09-04T19:17:30.352+0000] {subprocess.py:106} INFO - [0m19:17:30  20 of 38 START test not_null_stg_synthea__patients_patient_id .................. [RUN]
[2026-09-04T19:17:30.361+0000] {subprocess.py:106} INFO - [0m19:17:30  18 of 38 PASS not_null_stg_synthea__claims_transactions_claim_transaction_id ... [[32mPASS[0m in 0.04s]
[2026-09-04T19:17:30.364+0000] {subprocess.py:106} INFO - [0m19:17:30  19 of 38 PASS unique_stg_synthea__claims_transactions_claim_transaction_id ..... [[32mPASS[0m in 0.03s]
[2026-09-04T19:17:30.364+0000] {subprocess.py:106} INFO - [0m19:17:30  21 of 38 START test unique_stg_synthea__patients_patient_id .................... [RUN]
[2026-09-04T19:17:30.366+0000] {subprocess.py:106} INFO - [0m19:17:30  22 of 38 START sql view model analytics.int_member_months ...................... [RUN]
[2026-09-04T19:17:30.382+0000] {subprocess.py:106} INFO - [0m19:17:30  20 of 38 PASS not_null_stg_synthea__patients_patient_id ........................ [[32mPASS[0m in 0.03s]
[2026-09-04T19:17:30.386+0000] {subprocess.py:106} INFO - [0m19:17:30  23 of 38 START sql view model analytics.int_claim_transactions_classified ...... [RUN]
[2026-09-04T19:17:30.394+0000] {subprocess.py:106} INFO - [0m19:17:30  21 of 38 PASS unique_stg_synthea__patients_patient_id .......................... [[32mPASS[0m in 0.03s]
[2026-09-04T19:17:30.402+0000] {subprocess.py:106} INFO - [0m19:17:30  15 of 38 OK snapshotted snapshots.snap_payer_transitions ....................... [[32mINSERT 0 0[0m in 0.13s]
[2026-09-04T19:17:30.405+0000] {subprocess.py:106} INFO - [0m19:17:30  22 of 38 OK created sql view model analytics.int_member_months ................. [[32mCREATE VIEW[0m in 0.03s]
[2026-09-04T19:17:30.407+0000] {subprocess.py:106} INFO - [0m19:17:30  24 of 38 START sql table model analytics.fct_member_month ...................... [RUN]
[2026-09-04T19:17:30.417+0000] {subprocess.py:106} INFO - [0m19:17:30  23 of 38 OK created sql view model analytics.int_claim_transactions_classified . [[32mCREATE VIEW[0m in 0.03s]
[2026-09-04T19:17:30.418+0000] {subprocess.py:106} INFO - [0m19:17:30  25 of 38 START test not_null_int_claim_transactions_classified_claim_transaction_id  [RUN]
[2026-09-04T19:17:30.418+0000] {subprocess.py:106} INFO - [0m19:17:30  26 of 38 START test unique_int_claim_transactions_classified_claim_transaction_id  [RUN]
[2026-09-04T19:17:30.442+0000] {subprocess.py:106} INFO - [0m19:17:30  25 of 38 PASS not_null_int_claim_transactions_classified_claim_transaction_id .. [[32mPASS[0m in 0.02s]
[2026-09-04T19:17:30.445+0000] {subprocess.py:106} INFO - [0m19:17:30  26 of 38 PASS unique_int_claim_transactions_classified_claim_transaction_id .... [[32mPASS[0m in 0.03s]
[2026-09-04T19:17:30.446+0000] {subprocess.py:106} INFO - [0m19:17:30  27 of 38 START sql view model analytics.int_claim_financials ................... [RUN]
[2026-09-04T19:17:30.451+0000] {subprocess.py:106} INFO - [0m19:17:30  24 of 38 OK created sql table model analytics.fct_member_month ................. [[32mSELECT 4174[0m in 0.04s]
[2026-09-04T19:17:30.454+0000] {subprocess.py:106} INFO - [0m19:17:30  28 of 38 START test dbt_utils_unique_combination_of_columns_fct_member_month_patient_id__coverage_month  [RUN]
[2026-09-04T19:17:30.454+0000] {subprocess.py:106} INFO - [0m19:17:30  29 of 38 START test not_null_fct_member_month_coverage_month ................... [RUN]
[2026-09-04T19:17:30.454+0000] {subprocess.py:106} INFO - [0m19:17:30  30 of 38 START test not_null_fct_member_month_patient_id ....................... [RUN]
[2026-09-04T19:17:30.478+0000] {subprocess.py:106} INFO - [0m19:17:30  27 of 38 OK created sql view model analytics.int_claim_financials .............. [[32mCREATE VIEW[0m in 0.03s]
[2026-09-04T19:17:30.479+0000] {subprocess.py:106} INFO - [0m19:17:30  31 of 38 START test not_null_int_claim_financials_claim_id ..................... [RUN]
[2026-09-04T19:17:30.486+0000] {subprocess.py:106} INFO - [0m19:17:30  28 of 38 PASS dbt_utils_unique_combination_of_columns_fct_member_month_patient_id__coverage_month  [[32mPASS[0m in 0.03s]
[2026-09-04T19:17:30.488+0000] {subprocess.py:106} INFO - [0m19:17:30  30 of 38 PASS not_null_fct_member_month_patient_id ............................. [[32mPASS[0m in 0.03s]
[2026-09-04T19:17:30.488+0000] {subprocess.py:106} INFO - [0m19:17:30  29 of 38 PASS not_null_fct_member_month_coverage_month ......................... [[32mPASS[0m in 0.03s]
[2026-09-04T19:17:30.490+0000] {subprocess.py:106} INFO - [0m19:17:30  32 of 38 START test unique_int_claim_financials_claim_id ....................... [RUN]
[2026-09-04T19:17:30.497+0000] {subprocess.py:106} INFO - [0m19:17:30  31 of 38 PASS not_null_int_claim_financials_claim_id ........................... [[32mPASS[0m in 0.02s]
[2026-09-04T19:17:30.502+0000] {subprocess.py:106} INFO - [0m19:17:30  32 of 38 PASS unique_int_claim_financials_claim_id ............................. [[32mPASS[0m in 0.01s]
[2026-09-04T19:17:30.503+0000] {subprocess.py:106} INFO - [0m19:17:30  33 of 38 START sql incremental model analytics.fct_claims ...................... [RUN]
[2026-09-04T19:17:30.549+0000] {subprocess.py:106} INFO - [0m19:17:30  33 of 38 OK created sql incremental model analytics.fct_claims ................. [[32mINSERT 0 8[0m in 0.04s]
[2026-09-04T19:17:30.550+0000] {subprocess.py:106} INFO - [0m19:17:30  34 of 38 START test not_null_fct_claims_claim_id ............................... [RUN]
[2026-09-04T19:17:30.550+0000] {subprocess.py:106} INFO - [0m19:17:30  35 of 38 START test unique_fct_claims_claim_id ................................. [RUN]
[2026-09-04T19:17:30.565+0000] {subprocess.py:106} INFO - [0m19:17:30  34 of 38 PASS not_null_fct_claims_claim_id ..................................... [[32mPASS[0m in 0.01s]
[2026-09-04T19:17:30.565+0000] {subprocess.py:106} INFO - [0m19:17:30  35 of 38 PASS unique_fct_claims_claim_id ....................................... [[32mPASS[0m in 0.01s]
[2026-09-04T19:17:30.566+0000] {subprocess.py:106} INFO - [0m19:17:30  36 of 38 START sql table model analytics.fct_monthly_claim_metrics ............. [RUN]
[2026-09-04T19:17:30.584+0000] {subprocess.py:106} INFO - [0m19:17:30  36 of 38 OK created sql table model analytics.fct_monthly_claim_metrics ........ [[32mSELECT 700[0m in 0.02s]
[2026-09-04T19:17:30.585+0000] {subprocess.py:106} INFO - [0m19:17:30  37 of 38 START test not_null_fct_monthly_claim_metrics_coverage_month .......... [RUN]
[2026-09-04T19:17:30.586+0000] {subprocess.py:106} INFO - [0m19:17:30  38 of 38 START test unique_fct_monthly_claim_metrics_coverage_month ............ [RUN]
[2026-09-04T19:17:30.600+0000] {subprocess.py:106} INFO - [0m19:17:30  37 of 38 PASS not_null_fct_monthly_claim_metrics_coverage_month ................ [[32mPASS[0m in 0.01s]
[2026-09-04T19:17:30.601+0000] {subprocess.py:106} INFO - [0m19:17:30  38 of 38 PASS unique_fct_monthly_claim_metrics_coverage_month .................. [[32mPASS[0m in 0.01s]
[2026-09-04T19:17:30.607+0000] {subprocess.py:106} INFO - [0m19:17:30
[2026-09-04T19:17:30.607+0000] {subprocess.py:106} INFO - [0m19:17:30  Finished running 1 incremental model, 1 snapshot, 2 table models, 26 data tests, 8 view models in 0 hours 0 minutes and 0.53 seconds (0.53s).
[2026-09-04T19:17:30.642+0000] {subprocess.py:106} INFO - [0m19:17:30
[2026-09-04T19:17:30.642+0000] {subprocess.py:106} INFO - [0m19:17:30  [32mCompleted successfully[0m
[2026-09-04T19:17:30.642+0000] {subprocess.py:106} INFO - [0m19:17:30
[2026-09-04T19:17:30.642+0000] {subprocess.py:106} INFO - [0m19:17:30  Done. PASS=38 WARN=0 ERROR=0 SKIP=0 NO-OP=0 REUSED=0 TOTAL=38
[2026-09-04T19:17:31.222+0000] {subprocess.py:110} INFO - Command exited with return code 0
[2026-09-04T19:17:31.236+0000] {taskinstance.py:341} INFO - ::group::Post task execution logs
[2026-09-04T19:17:31.236+0000] {taskinstance.py:353} INFO - Marking task as SUCCESS. dag_id=***_analytics, task_id=dbt_build, run_id=manual__2026-09-04T19:15:16.107400+00:00, execution_date=20260904T191516, start_date=20260904T191728, end_date=20260904T191731
[2026-09-04T19:17:31.276+0000] {local_task_job_runner.py:266} INFO - Task exited with return code 0
[2026-09-04T19:17:31.287+0000] {taskinstance.py:3901} INFO - 1 downstream tasks scheduled from follow-on schedule check
[2026-09-04T19:17:31.288+0000] {local_task_job_runner.py:245} INFO - ::endgroup::
