[2026-09-04T19:17:24.235+0000] {local_task_job_runner.py:123} INFO - ::group::Pre task execution logs
[2026-09-04T19:17:24.245+0000] {taskinstance.py:2614} INFO - Dependencies all met for dep_context=non-requeueable deps ti=<TaskInstance: healthcare_analytics.dbt_build manual__2026-09-04T19:15:11.942489+00:00 [queued]>
[2026-09-04T19:17:24.249+0000] {taskinstance.py:2614} INFO - Dependencies all met for dep_context=requeueable deps ti=<TaskInstance: healthcare_analytics.dbt_build manual__2026-09-04T19:15:11.942489+00:00 [queued]>
[2026-09-04T19:17:24.250+0000] {taskinstance.py:2867} INFO - Starting attempt 1 of 1
[2026-09-04T19:17:24.255+0000] {taskinstance.py:2890} INFO - Executing <Task(BashOperator): dbt_build> on 2026-09-04 19:15:11.942489+00:00
[2026-09-04T19:17:24.259+0000] {standard_task_runner.py:104} INFO - Running: ['airflow', 'tasks', 'run', '***_analytics', 'dbt_build', 'manual__2026-09-04T19:15:11.942489+00:00', '--job-id', '20', '--raw', '--subdir', 'DAGS_FOLDER/***_claims_pipeline.py', '--cfg-path', '/tmp/tmpwa9nbbn9']
[2026-09-04T19:17:24.260+0000] {standard_task_runner.py:105} INFO - Job 20: Subtask dbt_build
[2026-09-04T19:17:24.260+0000] {logging_mixin.py:190} WARNING - /home/airflow/.local/lib/python3.12/site-packages/airflow/task/task_runner/standard_task_runner.py:70 DeprecationWarning: This process (pid=465) is multi-threaded, use of fork() may lead to deadlocks in the child.
[2026-09-04T19:17:24.260+0000] {standard_task_runner.py:72} INFO - Started process 466 to run task
[2026-09-04T19:17:24.285+0000] {task_command.py:467} INFO - Running <TaskInstance: healthcare_analytics.dbt_build manual__2026-09-04T19:15:11.942489+00:00 [running]> on host 1f9f8f8a2e65
[2026-09-04T19:17:24.327+0000] {taskinstance.py:3134} INFO - Exporting env vars: AIRFLOW_CTX_DAG_OWNER='airflow' AIRFLOW_CTX_DAG_ID='***_analytics' AIRFLOW_CTX_TASK_ID='dbt_build' AIRFLOW_CTX_EXECUTION_DATE='2026-09-04T19:15:11.942489+00:00' AIRFLOW_CTX_TRY_NUMBER='1' AIRFLOW_CTX_DAG_RUN_ID='manual__2026-09-04T19:15:11.942489+00:00'
[2026-09-04T19:17:24.327+0000] {taskinstance.py:732} INFO - ::endgroup::
[2026-09-04T19:17:24.335+0000] {subprocess.py:78} INFO - Tmp dir root location: /tmp
[2026-09-04T19:17:24.335+0000] {subprocess.py:88} INFO - Running command: ['/usr/bin/bash', '-c', 'cd /Users/samisahami/***-claims-intelligence && docker compose run --rm dbt build']
[2026-09-04T19:17:24.340+0000] {subprocess.py:99} INFO - Output:
[2026-09-04T19:17:24.424+0000] {subprocess.py:106} INFO -  Container ***_postgres Running
[2026-09-04T19:17:24.492+0000] {subprocess.py:106} INFO -  Container ***_postgres Waiting
[2026-09-04T19:17:24.995+0000] {subprocess.py:106} INFO -  Container ***_postgres Healthy
[2026-09-04T19:17:25.011+0000] {subprocess.py:106} INFO -  Container ***-claims-intelligence-dbt-run-cc064c711670 Creating
[2026-09-04T19:17:25.050+0000] {subprocess.py:106} INFO -  Container ***-claims-intelligence-dbt-run-cc064c711670 Created
[2026-09-04T19:17:26.165+0000] {subprocess.py:106} INFO - [0m19:17:26  Running with dbt=1.12.3
[2026-09-04T19:17:26.290+0000] {subprocess.py:106} INFO - [0m19:17:26  Registered adapter: postgres=1.11.0
[2026-09-04T19:17:26.572+0000] {subprocess.py:106} INFO - [0m19:17:26  Found 11 models, 26 data tests, 1 snapshot, 4 sources, 593 macros
[2026-09-04T19:17:26.574+0000] {subprocess.py:106} INFO - [0m19:17:26
[2026-09-04T19:17:26.574+0000] {subprocess.py:106} INFO - [0m19:17:26  Concurrency: 4 threads (target='dev')
[2026-09-04T19:17:26.574+0000] {subprocess.py:106} INFO - [0m19:17:26
[2026-09-04T19:17:26.646+0000] {subprocess.py:106} INFO - [0m19:17:26  1 of 38 START test source_not_null_synthea_claims__Id_ ......................... [RUN]
[2026-09-04T19:17:26.646+0000] {subprocess.py:106} INFO - [0m19:17:26  2 of 38 START test source_not_null_synthea_claims_transactions__ID_ ............ [RUN]
[2026-09-04T19:17:26.646+0000] {subprocess.py:106} INFO - [0m19:17:26  3 of 38 START test source_not_null_synthea_patients__Id_ ....................... [RUN]
[2026-09-04T19:17:26.646+0000] {subprocess.py:106} INFO - [0m19:17:26  4 of 38 START test source_not_null_synthea_payer_transitions__END_DATE_ ........ [RUN]
[2026-09-04T19:17:26.690+0000] {subprocess.py:106} INFO - [0m19:17:26  3 of 38 PASS source_not_null_synthea_patients__Id_ ............................. [[32mPASS[0m in 0.04s]
[2026-09-04T19:17:26.690+0000] {subprocess.py:106} INFO - [0m19:17:26  1 of 38 PASS source_not_null_synthea_claims__Id_ ............................... [[32mPASS[0m in 0.04s]
[2026-09-04T19:17:26.691+0000] {subprocess.py:106} INFO - [0m19:17:26  4 of 38 PASS source_not_null_synthea_payer_transitions__END_DATE_ .............. [[32mPASS[0m in 0.04s]
[2026-09-04T19:17:26.691+0000] {subprocess.py:106} INFO - [0m19:17:26  2 of 38 PASS source_not_null_synthea_claims_transactions__ID_ .................. [[32mPASS[0m in 0.04s]
[2026-09-04T19:17:26.693+0000] {subprocess.py:106} INFO - [0m19:17:26  5 of 38 START test source_not_null_synthea_payer_transitions__PATIENT_ ......... [RUN]
[2026-09-04T19:17:26.693+0000] {subprocess.py:106} INFO - [0m19:17:26  6 of 38 START test source_not_null_synthea_payer_transitions__START_DATE_ ...... [RUN]
[2026-09-04T19:17:26.694+0000] {subprocess.py:106} INFO - [0m19:17:26  7 of 38 START test source_unique_synthea_claims__Id_ ........................... [RUN]
[2026-09-04T19:17:26.694+0000] {subprocess.py:106} INFO - [0m19:17:26  8 of 38 START test source_unique_synthea_claims_transactions__ID_ .............. [RUN]
[2026-09-04T19:17:26.718+0000] {subprocess.py:106} INFO - [0m19:17:26  5 of 38 PASS source_not_null_synthea_payer_transitions__PATIENT_ ............... [[32mPASS[0m in 0.02s]
[2026-09-04T19:17:26.719+0000] {subprocess.py:106} INFO - [0m19:17:26  9 of 38 START test source_unique_synthea_patients__Id_ ......................... [RUN]
[2026-09-04T19:17:26.725+0000] {subprocess.py:106} INFO - [0m19:17:26  7 of 38 PASS source_unique_synthea_claims__Id_ ................................. [[32mPASS[0m in 0.03s]
[2026-09-04T19:17:26.726+0000] {subprocess.py:106} INFO - [0m19:17:26  6 of 38 PASS source_not_null_synthea_payer_transitions__START_DATE_ ............ [[32mPASS[0m in 0.03s]
[2026-09-04T19:17:26.727+0000] {subprocess.py:106} INFO - [0m19:17:26  8 of 38 PASS source_unique_synthea_claims_transactions__ID_ .................... [[32mPASS[0m in 0.03s]
[2026-09-04T19:17:26.728+0000] {subprocess.py:106} INFO - [0m19:17:26  10 of 38 START sql view model analytics.stg_synthea__claims .................... [RUN]
[2026-09-04T19:17:26.729+0000] {subprocess.py:106} INFO - [0m19:17:26  11 of 38 START sql view model analytics.stg_synthea__payer_transitions ......... [RUN]
[2026-09-04T19:17:26.729+0000] {subprocess.py:106} INFO - [0m19:17:26  12 of 38 START sql view model analytics.stg_synthea__claims_transactions ....... [RUN]
[2026-09-04T19:17:26.753+0000] {subprocess.py:106} INFO - [0m19:17:26  9 of 38 PASS source_unique_synthea_patients__Id_ ............................... [[32mPASS[0m in 0.03s]
[2026-09-04T19:17:26.755+0000] {subprocess.py:106} INFO - [0m19:17:26  13 of 38 START sql view model analytics.stg_synthea__patients .................. [RUN]
[2026-09-04T19:17:26.792+0000] {subprocess.py:106} INFO - [0m19:17:26  10 of 38 OK created sql view model analytics.stg_synthea__claims ............... [[32mCREATE VIEW[0m in 0.06s]
[2026-09-04T19:17:26.792+0000] {subprocess.py:106} INFO - [0m19:17:26  13 of 38 OK created sql view model analytics.stg_synthea__patients ............. [[32mCREATE VIEW[0m in 0.04s]
[2026-09-04T19:17:26.792+0000] {subprocess.py:106} INFO - [0m19:17:26  12 of 38 OK created sql view model analytics.stg_synthea__claims_transactions .. [[32mCREATE VIEW[0m in 0.06s]
[2026-09-04T19:17:26.793+0000] {subprocess.py:106} INFO - [0m19:17:26  11 of 38 OK created sql view model analytics.stg_synthea__payer_transitions .... [[32mCREATE VIEW[0m in 0.06s]
[2026-09-04T19:17:26.795+0000] {subprocess.py:106} INFO - [0m19:17:26  14 of 38 START test not_null_stg_synthea__claims_claim_id ...................... [RUN]
[2026-09-04T19:17:26.795+0000] {subprocess.py:106} INFO - [0m19:17:26  15 of 38 START test unique_stg_synthea__claims_claim_id ........................ [RUN]
[2026-09-04T19:17:26.795+0000] {subprocess.py:106} INFO - [0m19:17:26  16 of 38 START test not_null_stg_synthea__patients_patient_id .................. [RUN]
[2026-09-04T19:17:26.796+0000] {subprocess.py:106} INFO - [0m19:17:26  17 of 38 START test unique_stg_synthea__patients_patient_id .................... [RUN]
[2026-09-04T19:17:26.819+0000] {subprocess.py:106} INFO - [0m19:17:26  14 of 38 PASS not_null_stg_synthea__claims_claim_id ............................ [[32mPASS[0m in 0.02s]
[2026-09-04T19:17:26.819+0000] {subprocess.py:106} INFO - [0m19:17:26  18 of 38 START test not_null_stg_synthea__claims_transactions_claim_transaction_id  [RUN]
[2026-09-04T19:17:26.827+0000] {subprocess.py:106} INFO - [0m19:17:26  17 of 38 PASS unique_stg_synthea__patients_patient_id .......................... [[32mPASS[0m in 0.03s]
[2026-09-04T19:17:26.827+0000] {subprocess.py:106} INFO - [0m19:17:26  16 of 38 PASS not_null_stg_synthea__patients_patient_id ........................ [[32mPASS[0m in 0.03s]
[2026-09-04T19:17:26.828+0000] {subprocess.py:106} INFO - [0m19:17:26  15 of 38 PASS unique_stg_synthea__claims_claim_id .............................. [[32mPASS[0m in 0.03s]
[2026-09-04T19:17:26.830+0000] {subprocess.py:106} INFO - [0m19:17:26  19 of 38 START test unique_stg_synthea__claims_transactions_claim_transaction_id  [RUN]
[2026-09-04T19:17:26.830+0000] {subprocess.py:106} INFO - [0m19:17:26  20 of 38 START sql view model analytics.int_member_eligibility_spans ........... [RUN]
[2026-09-04T19:17:26.830+0000] {subprocess.py:106} INFO - [0m19:17:26  21 of 38 START snapshot snapshots.snap_payer_transitions ....................... [RUN]
[2026-09-04T19:17:26.839+0000] {subprocess.py:106} INFO - [0m19:17:26  18 of 38 PASS not_null_stg_synthea__claims_transactions_claim_transaction_id ... [[32mPASS[0m in 0.02s]
[2026-09-04T19:17:26.887+0000] {subprocess.py:106} INFO - [0m19:17:26  19 of 38 PASS unique_stg_synthea__claims_transactions_claim_transaction_id ..... [[32mPASS[0m in 0.06s]
[2026-09-04T19:17:26.894+0000] {subprocess.py:106} INFO - [0m19:17:26  22 of 38 START sql view model analytics.int_claim_transactions_classified ...... [RUN]
[2026-09-04T19:17:26.918+0000] {subprocess.py:106} INFO - [0m19:17:26  20 of 38 OK created sql view model analytics.int_member_eligibility_spans ...... [[32mCREATE VIEW[0m in 0.09s]
[2026-09-04T19:17:26.921+0000] {subprocess.py:106} INFO - [0m19:17:26  23 of 38 START sql view model analytics.int_member_months ...................... [RUN]
[2026-09-04T19:17:26.942+0000] {subprocess.py:106} INFO - [0m19:17:26  22 of 38 OK created sql view model analytics.int_claim_transactions_classified . [[32mCREATE VIEW[0m in 0.05s]
[2026-09-04T19:17:26.949+0000] {subprocess.py:106} INFO - [0m19:17:26  24 of 38 START test not_null_int_claim_transactions_classified_claim_transaction_id  [RUN]
[2026-09-04T19:17:26.949+0000] {subprocess.py:106} INFO - [0m19:17:26  25 of 38 START test unique_int_claim_transactions_classified_claim_transaction_id  [RUN]
[2026-09-04T19:17:26.966+0000] {subprocess.py:106} INFO - [0m19:17:26  23 of 38 OK created sql view model analytics.int_member_months ................. [[32mCREATE VIEW[0m in 0.04s]
[2026-09-04T19:17:26.968+0000] {subprocess.py:106} INFO - [0m19:17:26  26 of 38 START sql table model analytics.fct_member_month ...................... [RUN]
[2026-09-04T19:17:26.990+0000] {subprocess.py:106} INFO - [0m19:17:26  25 of 38 PASS unique_int_claim_transactions_classified_claim_transaction_id .... [[32mPASS[0m in 0.04s]
[2026-09-04T19:17:26.994+0000] {subprocess.py:106} INFO - [0m19:17:26  21 of 38 OK snapshotted snapshots.snap_payer_transitions ....................... [[32mINSERT 0 0[0m in 0.16s]
[2026-09-04T19:17:26.995+0000] {subprocess.py:106} INFO - [0m19:17:26  24 of 38 PASS not_null_int_claim_transactions_classified_claim_transaction_id .. [[32mPASS[0m in 0.05s]
[2026-09-04T19:17:26.995+0000] {subprocess.py:106} INFO - [0m19:17:26  27 of 38 START sql view model analytics.int_claim_financials ................... [RUN]
[2026-09-04T19:17:27.014+0000] {subprocess.py:106} INFO - [0m19:17:27  26 of 38 OK created sql table model analytics.fct_member_month ................. [[32mSELECT 4174[0m in 0.04s]
[2026-09-04T19:17:27.015+0000] {subprocess.py:106} INFO - [0m19:17:27  28 of 38 START test dbt_utils_unique_combination_of_columns_fct_member_month_patient_id__coverage_month  [RUN]
[2026-09-04T19:17:27.015+0000] {subprocess.py:106} INFO - [0m19:17:27  29 of 38 START test not_null_fct_member_month_coverage_month ................... [RUN]
[2026-09-04T19:17:27.016+0000] {subprocess.py:106} INFO - [0m19:17:27  30 of 38 START test not_null_fct_member_month_patient_id ....................... [RUN]
[2026-09-04T19:17:27.039+0000] {subprocess.py:106} INFO - [0m19:17:27  27 of 38 OK created sql view model analytics.int_claim_financials .............. [[32mCREATE VIEW[0m in 0.04s]
[2026-09-04T19:17:27.041+0000] {subprocess.py:106} INFO - [0m19:17:27  31 of 38 START test not_null_int_claim_financials_claim_id ..................... [RUN]
[2026-09-04T19:17:27.052+0000] {subprocess.py:106} INFO - [0m19:17:27  30 of 38 PASS not_null_fct_member_month_patient_id ............................. [[32mPASS[0m in 0.03s]
[2026-09-04T19:17:27.053+0000] {subprocess.py:106} INFO - [0m19:17:27  29 of 38 PASS not_null_fct_member_month_coverage_month ......................... [[32mPASS[0m in 0.04s]
[2026-09-04T19:17:27.054+0000] {subprocess.py:106} INFO - [0m19:17:27  28 of 38 PASS dbt_utils_unique_combination_of_columns_fct_member_month_patient_id__coverage_month  [[32mPASS[0m in 0.04s]
[2026-09-04T19:17:27.055+0000] {subprocess.py:106} INFO - [0m19:17:27  32 of 38 START test unique_int_claim_financials_claim_id ....................... [RUN]
[2026-09-04T19:17:27.060+0000] {subprocess.py:106} INFO - [0m19:17:27  31 of 38 PASS not_null_int_claim_financials_claim_id ........................... [[32mPASS[0m in 0.02s]
[2026-09-04T19:17:27.070+0000] {subprocess.py:106} INFO - [0m19:17:27  32 of 38 PASS unique_int_claim_financials_claim_id ............................. [[32mPASS[0m in 0.01s]
[2026-09-04T19:17:27.071+0000] {subprocess.py:106} INFO - [0m19:17:27  33 of 38 START sql incremental model analytics.fct_claims ...................... [RUN]
[2026-09-04T19:17:27.096+0000] {subprocess.py:106} INFO - [0m19:17:27  33 of 38 ERROR creating sql incremental model analytics.fct_claims ............. [[31mERROR[0m in 0.02s]
[2026-09-04T19:17:27.097+0000] {subprocess.py:106} INFO - [0m19:17:27  34 of 38 SKIP test not_null_fct_claims_claim_id ................................ [[33mSKIP[0m]
[2026-09-04T19:17:27.098+0000] {subprocess.py:106} INFO - [0m19:17:27  35 of 38 SKIP test unique_fct_claims_claim_id .................................. [[33mSKIP[0m]
[2026-09-04T19:17:27.099+0000] {subprocess.py:106} INFO - [0m19:17:27  36 of 38 SKIP relation analytics.fct_monthly_claim_metrics ..................... [[33mSKIP[0m]
[2026-09-04T19:17:27.100+0000] {subprocess.py:106} INFO - [0m19:17:27  37 of 38 SKIP test not_null_fct_monthly_claim_metrics_coverage_month ........... [[33mSKIP[0m]
[2026-09-04T19:17:27.101+0000] {subprocess.py:106} INFO - [0m19:17:27  38 of 38 SKIP test unique_fct_monthly_claim_metrics_coverage_month ............. [[33mSKIP[0m]
[2026-09-04T19:17:27.107+0000] {subprocess.py:106} INFO - [0m19:17:27
[2026-09-04T19:17:27.108+0000] {subprocess.py:106} INFO - [0m19:17:27  Finished running 1 incremental model, 1 snapshot, 2 table models, 26 data tests, 8 view models in 0 hours 0 minutes and 0.53 seconds (0.53s).
[2026-09-04T19:17:27.144+0000] {subprocess.py:106} INFO - [0m19:17:27
[2026-09-04T19:17:27.144+0000] {subprocess.py:106} INFO - [0m19:17:27  [31mCompleted with 1 error, 0 partial successes, and 0 warnings:[0m
[2026-09-04T19:17:27.144+0000] {subprocess.py:106} INFO - [0m19:17:27
[2026-09-04T19:17:27.145+0000] {subprocess.py:106} INFO - [0m19:17:27  [[31mERROR[0m]: in model fct_claims (models/marts/fct_claims.sql)
[2026-09-04T19:17:27.145+0000] {subprocess.py:106} INFO - [0m19:17:27    Database Error in model fct_claims (models/marts/fct_claims.sql)
[2026-09-04T19:17:27.145+0000] {subprocess.py:106} INFO -   relation "analytics.stg_synthea__claims" does not exist
[2026-09-04T19:17:27.145+0000] {subprocess.py:106} INFO -   LINE 18:     from "***_analytics"."analytics"."stg_synthea__cl...
[2026-09-04T19:17:27.146+0000] {subprocess.py:106} INFO -                     ^
[2026-09-04T19:17:27.146+0000] {subprocess.py:106} INFO - [0m19:17:27
[2026-09-04T19:17:27.146+0000] {subprocess.py:106} INFO - [0m19:17:27    compiled code at target/compiled/***_claims_intelligence/models/marts/fct_claims.sql
[2026-09-04T19:17:27.146+0000] {subprocess.py:106} INFO - [0m19:17:27
[2026-09-04T19:17:27.146+0000] {subprocess.py:106} INFO - [0m19:17:27  Done. PASS=32 WARN=0 ERROR=1 SKIP=5 NO-OP=0 REUSED=0 TOTAL=38
[2026-09-04T19:17:27.711+0000] {subprocess.py:106} INFO - 
[2026-09-04T19:17:27.713+0000] {subprocess.py:110} INFO - Command exited with return code 1
[2026-09-04T19:17:27.721+0000] {taskinstance.py:3313} ERROR - Task failed with exception
Traceback (most recent call last):
  File "/home/airflow/.local/lib/python3.12/site-packages/airflow/models/taskinstance.py", line 768, in _execute_task
    result = _execute_callable(context=context, **execute_callable_kwargs)
             ^^^^^^^^^^^^^^^^^^^^^^^^^^^^^^^^^^^^^^^^^^^^^^^^^^^^^^^^^^^^^
  File "/home/airflow/.local/lib/python3.12/site-packages/airflow/models/taskinstance.py", line 734, in _execute_callable
    return ExecutionCallableRunner(
           ^^^^^^^^^^^^^^^^^^^^^^^^
  File "/home/airflow/.local/lib/python3.12/site-packages/airflow/utils/operator_helpers.py", line 252, in run
    return self.func(*args, **kwargs)
           ^^^^^^^^^^^^^^^^^^^^^^^^^^
  File "/home/airflow/.local/lib/python3.12/site-packages/airflow/models/baseoperator.py", line 424, in wrapper
    return func(self, *args, **kwargs)
           ^^^^^^^^^^^^^^^^^^^^^^^^^^^
  File "/home/airflow/.local/lib/python3.12/site-packages/airflow/operators/bash.py", line 276, in execute
    raise AirflowException(
airflow.exceptions.AirflowException: Bash command failed. The command returned a non-zero exit code 1.
[2026-09-04T19:17:27.727+0000] {taskinstance.py:1226} INFO - Marking task as FAILED. dag_id=***_analytics, task_id=dbt_build, run_id=manual__2026-09-04T19:15:11.942489+00:00, execution_date=20260904T191511, start_date=20260904T191724, end_date=20260904T191727
[2026-09-04T19:17:27.743+0000] {taskinstance.py:341} INFO - ::group::Post task execution logs
[2026-09-04T19:17:27.744+0000] {standard_task_runner.py:124} ERROR - Failed to execute job 20 for task dbt_build (Bash command failed. The command returned a non-zero exit code 1.; 466)
Traceback (most recent call last):
  File "/home/airflow/.local/lib/python3.12/site-packages/airflow/task/task_runner/standard_task_runner.py", line 117, in _start_by_fork
    ret = args.func(args, dag=self.dag)
          ^^^^^^^^^^^^^^^^^^^^^^^^^^^^^
  File "/home/airflow/.local/lib/python3.12/site-packages/airflow/cli/cli_config.py", line 49, in command
    return func(*args, **kwargs)
           ^^^^^^^^^^^^^^^^^^^^^
  File "/home/airflow/.local/lib/python3.12/site-packages/airflow/utils/cli.py", line 116, in wrapper
    return f(*args, **kwargs)
           ^^^^^^^^^^^^^^^^^^
  File "/home/airflow/.local/lib/python3.12/site-packages/airflow/cli/commands/task_command.py", line 483, in task_run
    task_return_code = _run_task_by_selected_method(args, _dag, ti)
                       ^^^^^^^^^^^^^^^^^^^^^^^^^^^^^^^^^^^^^^^^^^^^
  File "/home/airflow/.local/lib/python3.12/site-packages/airflow/cli/commands/task_command.py", line 256, in _run_task_by_selected_method
    return _run_raw_task(args, ti)
           ^^^^^^^^^^^^^^^^^^^^^^^
  File "/home/airflow/.local/lib/python3.12/site-packages/airflow/cli/commands/task_command.py", line 341, in _run_raw_task
    return ti._run_raw_task(
           ^^^^^^^^^^^^^^^^^
  File "/home/airflow/.local/lib/python3.12/site-packages/airflow/utils/session.py", line 97, in wrapper
    return func(*args, session=session, **kwargs)
           ^^^^^^^^^^^^^^^^^^^^^^^^^^^^^^^^^^^^^^
  File "/home/airflow/.local/lib/python3.12/site-packages/airflow/models/taskinstance.py", line 3006, in _run_raw_task
    return _run_raw_task(
           ^^^^^^^^^^^^^^
  File "/home/airflow/.local/lib/python3.12/site-packages/airflow/models/taskinstance.py", line 274, in _run_raw_task
    TaskInstance._execute_task_with_callbacks(
  File "/home/airflow/.local/lib/python3.12/site-packages/airflow/models/taskinstance.py", line 3161, in _execute_task_with_callbacks
    result = self._execute_task(context, task_orig)
             ^^^^^^^^^^^^^^^^^^^^^^^^^^^^^^^^^^^^^^
  File "/home/airflow/.local/lib/python3.12/site-packages/airflow/models/taskinstance.py", line 3185, in _execute_task
    return _execute_task(self, context, task_orig)
           ^^^^^^^^^^^^^^^^^^^^^^^^^^^^^^^^^^^^^^^
  File "/home/airflow/.local/lib/python3.12/site-packages/airflow/models/taskinstance.py", line 768, in _execute_task
    result = _execute_callable(context=context, **execute_callable_kwargs)
             ^^^^^^^^^^^^^^^^^^^^^^^^^^^^^^^^^^^^^^^^^^^^^^^^^^^^^^^^^^^^^
  File "/home/airflow/.local/lib/python3.12/site-packages/airflow/models/taskinstance.py", line 734, in _execute_callable
    return ExecutionCallableRunner(
           ^^^^^^^^^^^^^^^^^^^^^^^^
  File "/home/airflow/.local/lib/python3.12/site-packages/airflow/utils/operator_helpers.py", line 252, in run
    return self.func(*args, **kwargs)
           ^^^^^^^^^^^^^^^^^^^^^^^^^^
  File "/home/airflow/.local/lib/python3.12/site-packages/airflow/models/baseoperator.py", line 424, in wrapper
    return func(self, *args, **kwargs)
           ^^^^^^^^^^^^^^^^^^^^^^^^^^^
  File "/home/airflow/.local/lib/python3.12/site-packages/airflow/operators/bash.py", line 276, in execute
    raise AirflowException(
airflow.exceptions.AirflowException: Bash command failed. The command returned a non-zero exit code 1.
[2026-09-04T19:17:27.786+0000] {local_task_job_runner.py:266} INFO - Task exited with return code 1
[2026-09-04T19:17:27.796+0000] {taskinstance.py:3901} INFO - 0 downstream tasks scheduled from follow-on schedule check
[2026-09-04T19:17:27.797+0000] {local_task_job_runner.py:245} INFO - ::endgroup::
