[2026-09-04T19:17:32.194+0000] {local_task_job_runner.py:123} INFO - ::group::Pre task execution logs
[2026-09-04T19:17:32.202+0000] {taskinstance.py:2614} INFO - Dependencies all met for dep_context=non-requeueable deps ti=<TaskInstance: healthcare_analytics.dbt_snapshot manual__2026-09-04T19:15:16.107400+00:00 [queued]>
[2026-09-04T19:17:32.205+0000] {taskinstance.py:2614} INFO - Dependencies all met for dep_context=requeueable deps ti=<TaskInstance: healthcare_analytics.dbt_snapshot manual__2026-09-04T19:15:16.107400+00:00 [queued]>
[2026-09-04T19:17:32.205+0000] {taskinstance.py:2867} INFO - Starting attempt 1 of 1
[2026-09-04T19:17:32.209+0000] {taskinstance.py:2890} INFO - Executing <Task(BashOperator): dbt_snapshot> on 2026-09-04 19:15:16.107400+00:00
[2026-09-04T19:17:32.213+0000] {logging_mixin.py:190} WARNING - /home/airflow/.local/lib/python3.12/site-packages/airflow/task/task_runner/standard_task_runner.py:70 DeprecationWarning: This process (pid=574) is multi-threaded, use of fork() may lead to deadlocks in the child.
[2026-09-04T19:17:32.212+0000] {standard_task_runner.py:104} INFO - Running: ['airflow', 'tasks', 'run', '***_analytics', 'dbt_snapshot', 'manual__2026-09-04T19:15:16.107400+00:00', '--job-id', '23', '--raw', '--subdir', 'DAGS_FOLDER/***_claims_pipeline.py', '--cfg-path', '/tmp/tmpkqzcn_wh']
[2026-09-04T19:17:32.214+0000] {standard_task_runner.py:105} INFO - Job 23: Subtask dbt_snapshot
[2026-09-04T19:17:32.214+0000] {standard_task_runner.py:72} INFO - Started process 575 to run task
[2026-09-04T19:17:32.234+0000] {task_command.py:467} INFO - Running <TaskInstance: healthcare_analytics.dbt_snapshot manual__2026-09-04T19:15:16.107400+00:00 [running]> on host 1f9f8f8a2e65
[2026-09-04T19:17:32.262+0000] {taskinstance.py:3134} INFO - Exporting env vars: AIRFLOW_CTX_DAG_OWNER='airflow' AIRFLOW_CTX_DAG_ID='***_analytics' AIRFLOW_CTX_TASK_ID='dbt_snapshot' AIRFLOW_CTX_EXECUTION_DATE='2026-09-04T19:15:16.107400+00:00' AIRFLOW_CTX_TRY_NUMBER='1' AIRFLOW_CTX_DAG_RUN_ID='manual__2026-09-04T19:15:16.107400+00:00'
[2026-09-04T19:17:32.262+0000] {taskinstance.py:732} INFO - ::endgroup::
[2026-09-04T19:17:32.267+0000] {subprocess.py:78} INFO - Tmp dir root location: /tmp
[2026-09-04T19:17:32.267+0000] {subprocess.py:88} INFO - Running command: ['/usr/bin/bash', '-c', 'cd /Users/samisahami/***-claims-intelligence && docker compose run --rm dbt snapshot']
[2026-09-04T19:17:32.271+0000] {subprocess.py:99} INFO - Output:
[2026-09-04T19:17:32.340+0000] {subprocess.py:106} INFO -  Container ***_postgres Running
[2026-09-04T19:17:32.378+0000] {subprocess.py:106} INFO -  Container ***_postgres Waiting
[2026-09-04T19:17:32.881+0000] {subprocess.py:106} INFO -  Container ***_postgres Healthy
[2026-09-04T19:17:32.891+0000] {subprocess.py:106} INFO -  Container ***-claims-intelligence-dbt-run-9adcdc5a538a Creating
[2026-09-04T19:17:32.916+0000] {subprocess.py:106} INFO -  Container ***-claims-intelligence-dbt-run-9adcdc5a538a Created
[2026-09-04T19:17:33.693+0000] {subprocess.py:106} INFO - [0m19:17:33  Running with dbt=1.12.3
[2026-09-04T19:17:33.782+0000] {subprocess.py:106} INFO - [0m19:17:33  Registered adapter: postgres=1.11.0
[2026-09-04T19:17:34.022+0000] {subprocess.py:106} INFO - [0m19:17:34  Found 11 models, 26 data tests, 1 snapshot, 4 sources, 593 macros
[2026-09-04T19:17:34.023+0000] {subprocess.py:106} INFO - [0m19:17:34
[2026-09-04T19:17:34.024+0000] {subprocess.py:106} INFO - [0m19:17:34  Concurrency: 4 threads (target='dev')
[2026-09-04T19:17:34.024+0000] {subprocess.py:106} INFO - [0m19:17:34
[2026-09-04T19:17:34.067+0000] {subprocess.py:106} INFO - [0m19:17:34  1 of 1 START snapshot snapshots.snap_payer_transitions ......................... [RUN]
[2026-09-04T19:17:34.167+0000] {subprocess.py:106} INFO - [0m19:17:34  1 of 1 OK snapshotted snapshots.snap_payer_transitions ......................... [[32mINSERT 0 0[0m in 0.10s]
[2026-09-04T19:17:34.173+0000] {subprocess.py:106} INFO - [0m19:17:34
[2026-09-04T19:17:34.174+0000] {subprocess.py:106} INFO - [0m19:17:34  Finished running 1 snapshot in 0 hours 0 minutes and 0.15 seconds (0.15s).
[2026-09-04T19:17:34.217+0000] {subprocess.py:106} INFO - [0m19:17:34
[2026-09-04T19:17:34.218+0000] {subprocess.py:106} INFO - [0m19:17:34  [32mCompleted successfully[0m
[2026-09-04T19:17:34.218+0000] {subprocess.py:106} INFO - [0m19:17:34
[2026-09-04T19:17:34.221+0000] {subprocess.py:106} INFO - [0m19:17:34  Done. PASS=1 WARN=0 ERROR=0 SKIP=0 NO-OP=0 REUSED=0 TOTAL=1
[2026-09-04T19:17:34.717+0000] {subprocess.py:110} INFO - Command exited with return code 0
[2026-09-04T19:17:34.732+0000] {taskinstance.py:341} INFO - ::group::Post task execution logs
[2026-09-04T19:17:34.733+0000] {taskinstance.py:353} INFO - Marking task as SUCCESS. dag_id=***_analytics, task_id=dbt_snapshot, run_id=manual__2026-09-04T19:15:16.107400+00:00, execution_date=20260904T191516, start_date=20260904T191732, end_date=20260904T191734
[2026-09-04T19:17:34.758+0000] {local_task_job_runner.py:266} INFO - Task exited with return code 0
[2026-09-04T19:17:34.769+0000] {taskinstance.py:3901} INFO - 0 downstream tasks scheduled from follow-on schedule check
[2026-09-04T19:17:34.770+0000] {local_task_job_runner.py:245} INFO - ::endgroup::
