[2026-09-04T18:38:53.863+0000] {local_task_job_runner.py:123} INFO - ::group::Pre task execution logs
[2026-09-04T18:38:53.869+0000] {taskinstance.py:2614} INFO - Dependencies all met for dep_context=non-requeueable deps ti=<TaskInstance: healthcare_analytics.generate_synthea manual__2026-09-04T18:38:53.423108+00:00 [queued]>
[2026-09-04T18:38:53.871+0000] {taskinstance.py:2614} INFO - Dependencies all met for dep_context=requeueable deps ti=<TaskInstance: healthcare_analytics.generate_synthea manual__2026-09-04T18:38:53.423108+00:00 [queued]>
[2026-09-04T18:38:53.872+0000] {taskinstance.py:2867} INFO - Starting attempt 1 of 1
[2026-09-04T18:38:53.875+0000] {taskinstance.py:2890} INFO - Executing <Task(BashOperator): generate_synthea> on 2026-09-04 18:38:53.423108+00:00
[2026-09-04T18:38:53.878+0000] {standard_task_runner.py:104} INFO - Running: ['airflow', 'tasks', 'run', '***_analytics', 'generate_synthea', 'manual__2026-09-04T18:38:53.423108+00:00', '--job-id', '12', '--raw', '--subdir', 'DAGS_FOLDER/***_claims_pipeline.py', '--cfg-path', '/tmp/tmp8pplhe5v']
[2026-09-04T18:38:53.879+0000] {standard_task_runner.py:105} INFO - Job 12: Subtask generate_synthea
[2026-09-04T18:38:53.879+0000] {logging_mixin.py:190} WARNING - /home/airflow/.local/lib/python3.12/site-packages/airflow/task/task_runner/standard_task_runner.py:70 DeprecationWarning: This process (pid=181) is multi-threaded, use of fork() may lead to deadlocks in the child.
[2026-09-04T18:38:53.880+0000] {standard_task_runner.py:72} INFO - Started process 182 to run task
[2026-09-04T18:38:53.896+0000] {task_command.py:467} INFO - Running <TaskInstance: healthcare_analytics.generate_synthea manual__2026-09-04T18:38:53.423108+00:00 [running]> on host cacb18ff13ba
[2026-09-04T18:38:53.925+0000] {taskinstance.py:3134} INFO - Exporting env vars: AIRFLOW_CTX_DAG_OWNER='airflow' AIRFLOW_CTX_DAG_ID='***_analytics' AIRFLOW_CTX_TASK_ID='generate_synthea' AIRFLOW_CTX_EXECUTION_DATE='2026-09-04T18:38:53.423108+00:00' AIRFLOW_CTX_TRY_NUMBER='1' AIRFLOW_CTX_DAG_RUN_ID='manual__2026-09-04T18:38:53.423108+00:00'
[2026-09-04T18:38:53.925+0000] {taskinstance.py:732} INFO - ::endgroup::
[2026-09-04T18:38:53.941+0000] {subprocess.py:78} INFO - Tmp dir root location: /tmp
[2026-09-04T18:38:53.942+0000] {subprocess.py:88} INFO - Running command: ['/usr/bin/bash', '-c', 'docker compose run --rm synthea']
[2026-09-04T18:38:53.945+0000] {subprocess.py:99} INFO - Output:
[2026-09-04T18:38:53.969+0000] {subprocess.py:106} INFO - no configuration file provided: not found
[2026-09-04T18:38:53.969+0000] {subprocess.py:110} INFO - Command exited with return code 1
[2026-09-04T18:38:53.974+0000] {taskinstance.py:3313} ERROR - Task failed with exception
Traceback (most recent call last):
  File "/home/airflow/.local/lib/python3.12/site-packages/airflow/models/taskinstance.py", line 768, in _execute_task
    result = _execute_callable(context=context, **execute_callable_kwargs)
             ^^^^^^^^^^^^^^^^^^^^^^^^^^^^^^^^^^^^^^^^^^^^^^^^^^^^^^^^^^^^^
  File "/home/airflow/.local/lib/python3.12/site-packages/airflow/models/taskinstance.py", line 734, in _execute_callable
    return ExecutionCallableRunner(
           ^^^^^^^^^^^^^^^^^^^^^^^^
  File "/home/airflow/.local/lib/python3.12/site-packages/airflow/utils/operator_helpers.py", line 252, in run
    return self.func(*args, **kwargs)
           ^^^^^^^^^^^^^^^^^^^^^^^^^^
  File "/home/airflow/.local/lib/python3.12/site-packages/airflow/models/baseoperator.py", line 424, in wrapper
    return func(self, *args, **kwargs)
           ^^^^^^^^^^^^^^^^^^^^^^^^^^^
  File "/home/airflow/.local/lib/python3.12/site-packages/airflow/operators/bash.py", line 276, in execute
    raise AirflowException(
airflow.exceptions.AirflowException: Bash command failed. The command returned a non-zero exit code 1.
[2026-09-04T18:38:53.976+0000] {taskinstance.py:1226} INFO - Marking task as FAILED. dag_id=***_analytics, task_id=generate_synthea, run_id=manual__2026-09-04T18:38:53.423108+00:00, execution_date=20260904T183853, start_date=20260904T183853, end_date=20260904T183853
[2026-09-04T18:38:53.985+0000] {taskinstance.py:341} INFO - ::group::Post task execution logs
[2026-09-04T18:38:53.985+0000] {standard_task_runner.py:124} ERROR - Failed to execute job 12 for task generate_synthea (Bash command failed. The command returned a non-zero exit code 1.; 182)
Traceback (most recent call last):
  File "/home/airflow/.local/lib/python3.12/site-packages/airflow/task/task_runner/standard_task_runner.py", line 117, in _start_by_fork
    ret = args.func(args, dag=self.dag)
          ^^^^^^^^^^^^^^^^^^^^^^^^^^^^^
  File "/home/airflow/.local/lib/python3.12/site-packages/airflow/cli/cli_config.py", line 49, in command
    return func(*args, **kwargs)
           ^^^^^^^^^^^^^^^^^^^^^
  File "/home/airflow/.local/lib/python3.12/site-packages/airflow/utils/cli.py", line 116, in wrapper
    return f(*args, **kwargs)
           ^^^^^^^^^^^^^^^^^^
  File "/home/airflow/.local/lib/python3.12/site-packages/airflow/cli/commands/task_command.py", line 483, in task_run
    task_return_code = _run_task_by_selected_method(args, _dag, ti)
                       ^^^^^^^^^^^^^^^^^^^^^^^^^^^^^^^^^^^^^^^^^^^^
  File "/home/airflow/.local/lib/python3.12/site-packages/airflow/cli/commands/task_command.py", line 256, in _run_task_by_selected_method
    return _run_raw_task(args, ti)
           ^^^^^^^^^^^^^^^^^^^^^^^
  File "/home/airflow/.local/lib/python3.12/site-packages/airflow/cli/commands/task_command.py", line 341, in _run_raw_task
    return ti._run_raw_task(
           ^^^^^^^^^^^^^^^^^
  File "/home/airflow/.local/lib/python3.12/site-packages/airflow/utils/session.py", line 97, in wrapper
    return func(*args, session=session, **kwargs)
           ^^^^^^^^^^^^^^^^^^^^^^^^^^^^^^^^^^^^^^
  File "/home/airflow/.local/lib/python3.12/site-packages/airflow/models/taskinstance.py", line 3006, in _run_raw_task
    return _run_raw_task(
           ^^^^^^^^^^^^^^
  File "/home/airflow/.local/lib/python3.12/site-packages/airflow/models/taskinstance.py", line 274, in _run_raw_task
    TaskInstance._execute_task_with_callbacks(
  File "/home/airflow/.local/lib/python3.12/site-packages/airflow/models/taskinstance.py", line 3161, in _execute_task_with_callbacks
    result = self._execute_task(context, task_orig)
             ^^^^^^^^^^^^^^^^^^^^^^^^^^^^^^^^^^^^^^
  File "/home/airflow/.local/lib/python3.12/site-packages/airflow/models/taskinstance.py", line 3185, in _execute_task
    return _execute_task(self, context, task_orig)
           ^^^^^^^^^^^^^^^^^^^^^^^^^^^^^^^^^^^^^^^
  File "/home/airflow/.local/lib/python3.12/site-packages/airflow/models/taskinstance.py", line 768, in _execute_task
    result = _execute_callable(context=context, **execute_callable_kwargs)
             ^^^^^^^^^^^^^^^^^^^^^^^^^^^^^^^^^^^^^^^^^^^^^^^^^^^^^^^^^^^^^
  File "/home/airflow/.local/lib/python3.12/site-packages/airflow/models/taskinstance.py", line 734, in _execute_callable
    return ExecutionCallableRunner(
           ^^^^^^^^^^^^^^^^^^^^^^^^
  File "/home/airflow/.local/lib/python3.12/site-packages/airflow/utils/operator_helpers.py", line 252, in run
    return self.func(*args, **kwargs)
           ^^^^^^^^^^^^^^^^^^^^^^^^^^
  File "/home/airflow/.local/lib/python3.12/site-packages/airflow/models/baseoperator.py", line 424, in wrapper
    return func(self, *args, **kwargs)
           ^^^^^^^^^^^^^^^^^^^^^^^^^^^
  File "/home/airflow/.local/lib/python3.12/site-packages/airflow/operators/bash.py", line 276, in execute
    raise AirflowException(
airflow.exceptions.AirflowException: Bash command failed. The command returned a non-zero exit code 1.
[2026-09-04T18:38:54.017+0000] {local_task_job_runner.py:266} INFO - Task exited with return code 1
[2026-09-04T18:38:54.026+0000] {taskinstance.py:3901} INFO - 0 downstream tasks scheduled from follow-on schedule check
[2026-09-04T18:38:54.027+0000] {local_task_job_runner.py:245} INFO - ::endgroup::
