[2026-09-04T19:07:21.304+0000] {local_task_job_runner.py:123} INFO - ::group::Pre task execution logs
[2026-09-04T19:07:21.311+0000] {taskinstance.py:2614} INFO - Dependencies all met for dep_context=non-requeueable deps ti=<TaskInstance: healthcare_analytics.ingest_raw_data manual__2026-09-04T19:06:17.113327+00:00 [queued]>
[2026-09-04T19:07:21.314+0000] {taskinstance.py:2614} INFO - Dependencies all met for dep_context=requeueable deps ti=<TaskInstance: healthcare_analytics.ingest_raw_data manual__2026-09-04T19:06:17.113327+00:00 [queued]>
[2026-09-04T19:07:21.314+0000] {taskinstance.py:2867} INFO - Starting attempt 1 of 1
[2026-09-04T19:07:21.318+0000] {taskinstance.py:2890} INFO - Executing <Task(BashOperator): ingest_raw_data> on 2026-09-04 19:06:17.113327+00:00
[2026-09-04T19:07:21.321+0000] {standard_task_runner.py:104} INFO - Running: ['airflow', 'tasks', 'run', '***_analytics', 'ingest_raw_data', 'manual__2026-09-04T19:06:17.113327+00:00', '--job-id', '16', '--raw', '--subdir', 'DAGS_FOLDER/***_claims_pipeline.py', '--cfg-path', '/tmp/tmpukg5b42n']
[2026-09-04T19:07:21.321+0000] {logging_mixin.py:190} WARNING - /home/airflow/.local/lib/python3.12/site-packages/airflow/task/task_runner/standard_task_runner.py:70 DeprecationWarning: This process (pid=225) is multi-threaded, use of fork() may lead to deadlocks in the child.
[2026-09-04T19:07:21.322+0000] {standard_task_runner.py:105} INFO - Job 16: Subtask ingest_raw_data
[2026-09-04T19:07:21.322+0000] {standard_task_runner.py:72} INFO - Started process 226 to run task
[2026-09-04T19:07:21.339+0000] {task_command.py:467} INFO - Running <TaskInstance: healthcare_analytics.ingest_raw_data manual__2026-09-04T19:06:17.113327+00:00 [running]> on host 1f9f8f8a2e65
[2026-09-04T19:07:21.364+0000] {taskinstance.py:3134} INFO - Exporting env vars: AIRFLOW_CTX_DAG_OWNER='airflow' AIRFLOW_CTX_DAG_ID='***_analytics' AIRFLOW_CTX_TASK_ID='ingest_raw_data' AIRFLOW_CTX_EXECUTION_DATE='2026-09-04T19:06:17.113327+00:00' AIRFLOW_CTX_TRY_NUMBER='1' AIRFLOW_CTX_DAG_RUN_ID='manual__2026-09-04T19:06:17.113327+00:00'
[2026-09-04T19:07:21.364+0000] {taskinstance.py:732} INFO - ::endgroup::
[2026-09-04T19:07:21.370+0000] {subprocess.py:78} INFO - Tmp dir root location: /tmp
[2026-09-04T19:07:21.371+0000] {subprocess.py:88} INFO - Running command: ['/usr/bin/bash', '-c', 'cd /Users/samisahami/***-claims-intelligence && docker compose run --rm ingestion']
[2026-09-04T19:07:21.375+0000] {subprocess.py:99} INFO - Output:
[2026-09-04T19:07:21.530+0000] {subprocess.py:106} INFO -  Container ***_postgres Recreate
[2026-09-04T19:07:21.762+0000] {subprocess.py:106} INFO -  Container ***_postgres Recreated
[2026-09-04T19:07:21.775+0000] {subprocess.py:106} INFO -  Container ***_postgres Starting
[2026-09-04T19:07:21.847+0000] {subprocess.py:106} INFO -  Container ***_postgres Started
[2026-09-04T19:07:21.885+0000] {subprocess.py:106} INFO -  Container ***_postgres Waiting
[2026-09-04T19:07:27.387+0000] {subprocess.py:106} INFO -  Container ***_postgres Healthy
[2026-09-04T19:07:27.396+0000] {subprocess.py:106} INFO -  Container ***-claims-intelligence-ingestion-run-c65a60e6e396 Creating
[2026-09-04T19:07:27.421+0000] {subprocess.py:106} INFO -  Container ***-claims-intelligence-ingestion-run-c65a60e6e396 Created
[2026-09-04T19:07:27.699+0000] {subprocess.py:106} INFO - Starting Synthea ingestion
[2026-09-04T19:07:27.700+0000] {subprocess.py:106} INFO - Batch ID: ba21d6d1-a3de-4ee9-a7f1-12864042ca6a
[2026-09-04T19:07:27.700+0000] {subprocess.py:106} INFO - Source directory: data/raw/synthea/csv
[2026-09-04T19:07:27.700+0000] {subprocess.py:106} INFO - 
[2026-09-04T19:07:27.700+0000] {subprocess.py:106} INFO - Traceback (most recent call last):
[2026-09-04T19:07:27.700+0000] {subprocess.py:106} INFO -   File "/usr/app/ingestion/load_synthea.py", line 287, in <module>
[2026-09-04T19:07:27.702+0000] {subprocess.py:106} INFO -     main()
[2026-09-04T19:07:27.702+0000] {subprocess.py:106} INFO -   File "/usr/app/ingestion/load_synthea.py", line 273, in main
[2026-09-04T19:07:27.702+0000] {subprocess.py:106} INFO -     total_rows += process_file(
[2026-09-04T19:07:27.702+0000] {subprocess.py:106} INFO -                   ^^^^^^^^^^^^^
[2026-09-04T19:07:27.702+0000] {subprocess.py:106} INFO -   File "/usr/app/ingestion/load_synthea.py", line 229, in process_file
[2026-09-04T19:07:27.702+0000] {subprocess.py:106} INFO -     recreate_raw_table(
[2026-09-04T19:07:27.702+0000] {subprocess.py:106} INFO -   File "/usr/app/ingestion/load_synthea.py", line 127, in recreate_raw_table
[2026-09-04T19:07:27.703+0000] {subprocess.py:106} INFO -     cur.execute(
[2026-09-04T19:07:27.703+0000] {subprocess.py:106} INFO -   File "/usr/local/lib/python3.12/site-packages/psycopg/cursor.py", line 97, in execute
[2026-09-04T19:07:27.703+0000] {subprocess.py:106} INFO -     raise ex.with_traceback(None)
[2026-09-04T19:07:27.703+0000] {subprocess.py:106} INFO - psycopg.errors.DependentObjectsStillExist: cannot drop table raw.patients because other objects depend on it
[2026-09-04T19:07:27.703+0000] {subprocess.py:106} INFO - DETAIL:  view analytics.stg_synthea__patients depends on table raw.patients
[2026-09-04T19:07:27.703+0000] {subprocess.py:106} INFO - HINT:  Use DROP ... CASCADE to drop the dependent objects too.
[2026-09-04T19:07:27.788+0000] {subprocess.py:106} INFO - 
[2026-09-04T19:07:27.790+0000] {subprocess.py:110} INFO - Command exited with return code 1
[2026-09-04T19:07:27.797+0000] {taskinstance.py:3313} ERROR - Task failed with exception
Traceback (most recent call last):
  File "/home/airflow/.local/lib/python3.12/site-packages/airflow/models/taskinstance.py", line 768, in _execute_task
    result = _execute_callable(context=context, **execute_callable_kwargs)
             ^^^^^^^^^^^^^^^^^^^^^^^^^^^^^^^^^^^^^^^^^^^^^^^^^^^^^^^^^^^^^
  File "/home/airflow/.local/lib/python3.12/site-packages/airflow/models/taskinstance.py", line 734, in _execute_callable
    return ExecutionCallableRunner(
           ^^^^^^^^^^^^^^^^^^^^^^^^
  File "/home/airflow/.local/lib/python3.12/site-packages/airflow/utils/operator_helpers.py", line 252, in run
    return self.func(*args, **kwargs)
           ^^^^^^^^^^^^^^^^^^^^^^^^^^
  File "/home/airflow/.local/lib/python3.12/site-packages/airflow/models/baseoperator.py", line 424, in wrapper
    return func(self, *args, **kwargs)
           ^^^^^^^^^^^^^^^^^^^^^^^^^^^
  File "/home/airflow/.local/lib/python3.12/site-packages/airflow/operators/bash.py", line 276, in execute
    raise AirflowException(
airflow.exceptions.AirflowException: Bash command failed. The command returned a non-zero exit code 1.
[2026-09-04T19:07:27.800+0000] {taskinstance.py:1226} INFO - Marking task as FAILED. dag_id=***_analytics, task_id=ingest_raw_data, run_id=manual__2026-09-04T19:06:17.113327+00:00, execution_date=20260904T190617, start_date=20260904T190721, end_date=20260904T190727
[2026-09-04T19:07:27.816+0000] {taskinstance.py:341} INFO - ::group::Post task execution logs
[2026-09-04T19:07:27.816+0000] {standard_task_runner.py:124} ERROR - Failed to execute job 16 for task ingest_raw_data (Bash command failed. The command returned a non-zero exit code 1.; 226)
Traceback (most recent call last):
  File "/home/airflow/.local/lib/python3.12/site-packages/airflow/task/task_runner/standard_task_runner.py", line 117, in _start_by_fork
    ret = args.func(args, dag=self.dag)
          ^^^^^^^^^^^^^^^^^^^^^^^^^^^^^
  File "/home/airflow/.local/lib/python3.12/site-packages/airflow/cli/cli_config.py", line 49, in command
    return func(*args, **kwargs)
           ^^^^^^^^^^^^^^^^^^^^^
  File "/home/airflow/.local/lib/python3.12/site-packages/airflow/utils/cli.py", line 116, in wrapper
    return f(*args, **kwargs)
           ^^^^^^^^^^^^^^^^^^
  File "/home/airflow/.local/lib/python3.12/site-packages/airflow/cli/commands/task_command.py", line 483, in task_run
    task_return_code = _run_task_by_selected_method(args, _dag, ti)
                       ^^^^^^^^^^^^^^^^^^^^^^^^^^^^^^^^^^^^^^^^^^^^
  File "/home/airflow/.local/lib/python3.12/site-packages/airflow/cli/commands/task_command.py", line 256, in _run_task_by_selected_method
    return _run_raw_task(args, ti)
           ^^^^^^^^^^^^^^^^^^^^^^^
  File "/home/airflow/.local/lib/python3.12/site-packages/airflow/cli/commands/task_command.py", line 341, in _run_raw_task
    return ti._run_raw_task(
           ^^^^^^^^^^^^^^^^^
  File "/home/airflow/.local/lib/python3.12/site-packages/airflow/utils/session.py", line 97, in wrapper
    return func(*args, session=session, **kwargs)
           ^^^^^^^^^^^^^^^^^^^^^^^^^^^^^^^^^^^^^^
  File "/home/airflow/.local/lib/python3.12/site-packages/airflow/models/taskinstance.py", line 3006, in _run_raw_task
    return _run_raw_task(
           ^^^^^^^^^^^^^^
  File "/home/airflow/.local/lib/python3.12/site-packages/airflow/models/taskinstance.py", line 274, in _run_raw_task
    TaskInstance._execute_task_with_callbacks(
  File "/home/airflow/.local/lib/python3.12/site-packages/airflow/models/taskinstance.py", line 3161, in _execute_task_with_callbacks
    result = self._execute_task(context, task_orig)
             ^^^^^^^^^^^^^^^^^^^^^^^^^^^^^^^^^^^^^^
  File "/home/airflow/.local/lib/python3.12/site-packages/airflow/models/taskinstance.py", line 3185, in _execute_task
    return _execute_task(self, context, task_orig)
           ^^^^^^^^^^^^^^^^^^^^^^^^^^^^^^^^^^^^^^^
  File "/home/airflow/.local/lib/python3.12/site-packages/airflow/models/taskinstance.py", line 768, in _execute_task
    result = _execute_callable(context=context, **execute_callable_kwargs)
             ^^^^^^^^^^^^^^^^^^^^^^^^^^^^^^^^^^^^^^^^^^^^^^^^^^^^^^^^^^^^^
  File "/home/airflow/.local/lib/python3.12/site-packages/airflow/models/taskinstance.py", line 734, in _execute_callable
    return ExecutionCallableRunner(
           ^^^^^^^^^^^^^^^^^^^^^^^^
  File "/home/airflow/.local/lib/python3.12/site-packages/airflow/utils/operator_helpers.py", line 252, in run
    return self.func(*args, **kwargs)
           ^^^^^^^^^^^^^^^^^^^^^^^^^^
  File "/home/airflow/.local/lib/python3.12/site-packages/airflow/models/baseoperator.py", line 424, in wrapper
    return func(self, *args, **kwargs)
           ^^^^^^^^^^^^^^^^^^^^^^^^^^^
  File "/home/airflow/.local/lib/python3.12/site-packages/airflow/operators/bash.py", line 276, in execute
    raise AirflowException(
airflow.exceptions.AirflowException: Bash command failed. The command returned a non-zero exit code 1.
[2026-09-04T19:07:27.845+0000] {local_task_job_runner.py:266} INFO - Task exited with return code 1
[2026-09-04T19:07:27.854+0000] {taskinstance.py:3901} INFO - 0 downstream tasks scheduled from follow-on schedule check
[2026-09-04T19:07:27.855+0000] {local_task_job_runner.py:245} INFO - ::endgroup::
